 usb_bindings

 Timestamp is 585e76b3 (Sat Dec 24 05:22:59 2016)

 Preferred load address is 0000000180000000

 Start         Length     Name                   Class
 0001:00000000 000000e0H .text$di                CODE
 0001:000000e0 00037800H .text$mn                CODE
 0001:000378e0 00000020H .text$mn$00             CODE
 0001:00037900 000005b0H .text$x                 CODE
 0001:00037eb0 00000140H .text$yd                CODE
 0002:00000000 00000628H .idata$5                DATA
 0002:00000628 00000010H .00cfg                  DATA
 0002:00000638 00000008H .CRT$XCA                DATA
 0002:00000640 00000030H .CRT$XCU                DATA
 0002:00000670 00000008H .CRT$XCZ                DATA
 0002:00000678 00000008H .CRT$XIA                DATA
 0002:00000680 00000018H .CRT$XIC                DATA
 0002:00000698 00000008H .CRT$XIZ                DATA
 0002:000006a0 00000008H .CRT$XPA                DATA
 0002:000006a8 00000010H .CRT$XPX                DATA
 0002:000006b8 00000008H .CRT$XPXA               DATA
 0002:000006c0 00000008H .CRT$XPZ                DATA
 0002:000006c8 00000008H .CRT$XTA                DATA
 0002:000006d0 00000010H .CRT$XTZ                DATA
 0002:000006e0 0000faa8H .rdata                  DATA
 0002:00010188 0000037cH .rdata$r                DATA
 0002:00010504 0000039cH .rdata$zzzdbg           DATA
 0002:000108a0 00000008H .rtc$IAA                DATA
 0002:000108a8 00000008H .rtc$IZZ                DATA
 0002:000108b0 00000008H .rtc$TAA                DATA
 0002:000108b8 00000008H .rtc$TZZ                DATA
 0002:000108c0 000037e8H .xdata                  DATA
 0002:000140a8 000001e8H .xdata$x                DATA
 0002:00014290 0000005cH .edata                  DATA
 0002:000142ec 0000003cH .idata$2                DATA
 0002:00014328 00000018H .idata$3                DATA
 0002:00014340 00000628H .idata$4                DATA
 0002:00014968 00001bd8H .idata$6                DATA
 0003:00000000 00000ab8H .data                   DATA
 0003:00000ab8 00000128H .data$r                 DATA
 0003:00000be0 000092e0H .bss                    DATA
 0004:00000000 00003000H .pdata                  DATA
 0005:00000000 00000088H .gfids$x                DATA
 0005:00000088 00000050H .gfids$y                DATA
 0006:00000000 00000060H .rsrc$01                DATA
 0006:00000060 00000180H .rsrc$02                DATA

  Address         Publics by Value              Rva+Base               Lib:Object

 0000:00000000       __dynamic_value_reloc_table 0000000000000000     <absolute>
 0000:00000000       __guard_iat_table          0000000000000000     <absolute>
 0000:00000000       __guard_iat_count          0000000000000000     <absolute>
 0000:00000000       __guard_longjmp_table      0000000000000000     <absolute>
 0000:00000000       __guard_longjmp_count      0000000000000000     <absolute>
 0000:00000000       __guard_fids_count         0000000000000000     <absolute>
 0000:00000000       ___safe_se_handler_table   0000000000000000     <absolute>
 0000:00000000       ___safe_se_handler_count   0000000000000000     <absolute>
 0000:00000000       __guard_fids_table         0000000000000000     <absolute>
 0000:00000100       __guard_flags              0000000000000100     <absolute>
 0000:00000000       __ImageBase                0000000180000000     <linker-defined>
 0001:000001b0       ?New@?$Factory@VFunctionTemplate@v8@@@imp@Nan@@SA?AV?$Local@VFunctionTemplate@v8@@@v8@@P6AXAEBV?$FunctionCallbackInfo@VValue@v8@@@3@@ZV?$Local@VValue@v8@@@5@V?$Local@VSignature@v8@@@5@@Z 00000001800011b0 f i node_usb.obj
 0001:00000350       ?Error@Nan@@YA?AV?$Local@VValue@v8@@@v8@@PEBD@Z 0000000180001350 f i node_usb.obj
 0001:000003f0       ??1HandleScope@Nan@@QEAA@XZ 00000001800013f0 f i node_usb.obj
 0001:000003f0       ??1EscapableHandleScope@Nan@@QEAA@XZ 00000001800013f0 f i node_usb.obj
 0001:00000400       ?ThrowTypeError@Nan@@YAXPEBD@Z 0000000180001400 f i node_usb.obj
 0001:000004a0       ?ThrowError@Nan@@YAXV?$Local@VValue@v8@@@v8@@@Z 00000001800014a0 f i node_usb.obj
 0001:000004d0       ??1?$Persistent@VFunction@v8@@V?$NonCopyablePersistentTraits@VFunction@v8@@@2@@Nan@@QEAA@XZ 00000001800014d0 f i device.obj
 0001:000004d0       ??1?$Persistent@VObject@v8@@V?$NonCopyablePersistentTraits@VObject@v8@@@2@@Nan@@QEAA@XZ 00000001800014d0 f i node_usb.obj
 0001:000004f0       ?USBThreadFn@@YAXPEAX@Z    00000001800014f0 f   node_usb.obj
 0001:00000520       Initialize                 0000000180001520 f   node_usb.obj
 0001:00000690       ?SetDebugLevel@@YAXAEBV?$FunctionCallbackInfo@VValue@v8@@@Nan@@@Z 0000000180001690 f   node_usb.obj
 0001:000007a0       ?GetDeviceList@@YAXAEBV?$FunctionCallbackInfo@VValue@v8@@@Nan@@@Z 00000001800017a0 f   node_usb.obj
 0001:000008b0       ?handleHotplug@@YAXU?$pair@PEAUlibusb_device@@W4libusb_hotplug_event@@@std@@@Z 00000001800018b0 f   node_usb.obj
 0001:000009e0       ?hotplug_callback@@YAHPEAUlibusb_context@@PEAUlibusb_device@@W4libusb_hotplug_event@@PEAX@Z 00000001800019e0 f   node_usb.obj
 0001:00000b00       ?EnableHotplugEvents@@YAXAEBV?$FunctionCallbackInfo@VValue@v8@@@Nan@@@Z 0000000180001b00 f   node_usb.obj
 0001:00000c30       ?DisableHotplugEvents@@YAXAEBV?$FunctionCallbackInfo@VValue@v8@@@Nan@@@Z 0000000180001c30 f   node_usb.obj
 0001:00000cd0       ?initConstants@@YAXV?$Local@VObject@v8@@@v8@@@Z 0000000180001cd0 f   node_usb.obj
 0001:00003320       ?libusbException@@YA?AV?$Local@VValue@v8@@@v8@@H@Z 0000000180004320 f   node_usb.obj
 0001:00003400       ??0?$UVQueue@U?$pair@PEAUlibusb_device@@W4libusb_hotplug_event@@@std@@@@QEAA@P6AXU?$pair@PEAUlibusb_device@@W4libusb_hotplug_event@@@std@@@ZH@Z 0000000180004400 f i node_usb.obj
 0001:000034e0       ?internal_callback@?$UVQueue@U?$pair@PEAUlibusb_device@@W4libusb_hotplug_event@@@std@@@@CAXPEAUuv_async_s@@@Z 00000001800044e0 f i node_usb.obj
 0001:000035c0       ?_Tidy@?$deque@U?$pair@PEAUlibusb_device@@W4libusb_hotplug_event@@@std@@V?$allocator@U?$pair@PEAUlibusb_device@@W4libusb_hotplug_event@@@std@@@2@@std@@IEAAXXZ 00000001800045c0 f i node_usb.obj
 0001:000035c0       ?_Tidy@?$deque@PEAUTransfer@@V?$allocator@PEAUTransfer@@@std@@@std@@IEAAXXZ 00000001800045c0 f i transfer.obj
 0001:000036b0       ?_Orphan_all@?$_Deque_alloc@U?$_Deque_base_types@PEAUTransfer@@V?$allocator@PEAUTransfer@@@std@@@std@@@std@@QEAAXXZ 00000001800046b0 f i transfer.obj
 0001:000036b0       __except_validate_context_record 00000001800046b0 f i libvcruntime:jbcxrval.obj
 0001:000036b0       ?_Orphan_all@?$_Deque_alloc@U?$_Deque_base_types@U?$pair@PEAUlibusb_device@@W4libusb_hotplug_event@@@std@@V?$allocator@U?$pair@PEAUlibusb_device@@W4libusb_hotplug_event@@@std@@@2@@std@@@std@@QEAAXXZ 00000001800046b0 f i node_usb.obj
 0001:000036b0       ??1?$_Compressed_pair@U?$_Wrap_alloc@V?$allocator@PEAUTransfer@@@std@@@std@@V?$_Deque_val@U?$_Deque_simple_types@PEAUTransfer@@@std@@@2@$00@std@@QEAA@XZ 00000001800046b0 f i transfer.obj
 0001:000036b0       ??3@YAXPEAX0@Z             00000001800046b0 f i device.obj
 0001:000036b0       ??1?$_Compressed_pair@U?$_Wrap_alloc@V?$allocator@U?$pair@PEAUlibusb_device@@W4libusb_hotplug_event@@@std@@@std@@@std@@V?$_Deque_val@U?$_Deque_simple_types@U?$pair@PEAUlibusb_device@@W4libusb_hotplug_event@@@std@@@std@@@2@$00@std@@QEAA@XZ 00000001800046b0 f i node_usb.obj
 0001:000036b0       ??$destroy@PEAU?$_Tree_node@U?$pair@QEAUlibusb_device@@V?$Persistent@VObject@v8@@V?$NonCopyablePersistentTraits@VObject@v8@@@2@@Nan@@@std@@PEAX@std@@@?$_Wrap_alloc@V?$allocator@U?$_Tree_node@U?$pair@QEAUlibusb_device@@V?$Persistent@VObject@v8@@V?$NonCopyablePersistentTraits@VObject@v8@@@2@@Nan@@@std@@PEAX@std@@@std@@@std@@QEAAXPEAPEAU?$_Tree_node@U?$pair@QEAUlibusb_device@@V?$Persistent@VObject@v8@@V?$NonCopyablePersistentTraits@VObject@v8@@@2@@Nan@@@std@@PEAX@1@@Z 00000001800046b0 f i device.obj
 0001:000036b0       _guard_check_icall_nop     00000001800046b0 f i LIBCMT:guard_support.obj
 0001:000036b0       ??$destroy@U_Container_proxy@std@@@?$_Wrap_alloc@V?$allocator@U_Container_proxy@std@@@std@@@std@@QEAAXPEAU_Container_proxy@1@@Z 00000001800046b0 f i node_usb.obj
 0001:000036c0       ?_Growmap@?$deque@U?$pair@PEAUlibusb_device@@W4libusb_hotplug_event@@@std@@V?$allocator@U?$pair@PEAUlibusb_device@@W4libusb_hotplug_event@@@std@@@2@@std@@IEAAX_K@Z 00000001800046c0 f i node_usb.obj
 0001:000038e0       ?begin@?$deque@U?$pair@PEAUlibusb_device@@W4libusb_hotplug_event@@@std@@V?$allocator@U?$pair@PEAUlibusb_device@@W4libusb_hotplug_event@@@std@@@2@@std@@QEAA?AV?$_Deque_iterator@V?$_Deque_val@U?$_Deque_simple_types@U?$pair@PEAUlibusb_device@@W4libusb_hotplug_event@@@std@@@std@@@std@@@2@XZ 00000001800048e0 f i node_usb.obj
 0001:000038e0       ?begin@?$deque@PEAUTransfer@@V?$allocator@PEAUTransfer@@@std@@@std@@QEAA?AV?$_Deque_iterator@V?$_Deque_val@U?$_Deque_simple_types@PEAUTransfer@@@std@@@std@@@2@XZ 00000001800048e0 f i transfer.obj
 0001:00003900       ??$SetMethod@VObject@v8@@VLocal@2@@Nan@@YAXV?$Local@VObject@v8@@@v8@@PEBDP6AXAEBV?$FunctionCallbackInfo@VValue@v8@@@0@@Z@Z 0000000180004900 f i node_usb.obj
 0001:000039c0       ??$?0AEAU?$_Wrap_alloc@V?$allocator@PEAUTransfer@@@std@@@std@@@?$_Wrap_alloc@V?$allocator@U_Container_proxy@std@@@std@@@std@@QEAA@AEAU?$_Wrap_alloc@V?$allocator@PEAUTransfer@@@std@@@1@@Z 00000001800049c0 f i transfer.obj
 0001:000039c0       ??$?0AEAU?$_Wrap_alloc@V?$allocator@U?$pair@PEAUlibusb_device@@W4libusb_hotplug_event@@@std@@@std@@@std@@@?$_Wrap_alloc@V?$allocator@U_Container_proxy@std@@@std@@@std@@QEAA@AEAU?$_Wrap_alloc@V?$allocator@U?$pair@PEAUlibusb_device@@W4libusb_hotplug_event@@@std@@@std@@@1@@Z 00000001800049c0 f i node_usb.obj
 0001:000039d0       ??$SetMethodAux@V?$Local@VObject@v8@@@v8@@@imp@Nan@@YAXV?$Local@VObject@v8@@@v8@@V?$Local@VString@v8@@@3@V?$Local@VFunctionTemplate@v8@@@3@ZZ 00000001800049d0 f i node_usb.obj
 0001:00003a40       ?ThrowError@Nan@@YAXPEBD@Z 0000000180004a40 f i device.obj
 0001:00003ae0       ?SetPrototypeMethod@Nan@@YAXV?$Local@VFunctionTemplate@v8@@@v8@@PEBDP6AXAEBV?$FunctionCallbackInfo@VValue@v8@@@1@@Z@Z 0000000180004ae0 f i device.obj
 0001:00003bf0       ??1ObjectWrap@Nan@@UEAA@XZ 0000000180004bf0 f i device.obj
 0001:00003c40       ?Wrap@ObjectWrap@Nan@@IEAAXV?$Local@VObject@v8@@@v8@@@Z 0000000180004c40 f i device.obj
 0001:00003cd0       ?Ref@ObjectWrap@Nan@@MEAAXXZ 0000000180004cd0 f i device.obj
 0001:00003cf0       ?Unref@ObjectWrap@Nan@@MEAAXXZ 0000000180004cf0 f i device.obj
 0001:00003d30       ?WeakCallback@ObjectWrap@Nan@@CAXAEBV?$WeakCallbackInfo@VObjectWrap@Nan@@@v8@@@Z 0000000180004d30 f i device.obj
 0001:00003d70       ??_EObjectWrap@Nan@@UEAAPEAXI@Z 0000000180004d70 f i * CIL library *:* CIL module *
 0001:00003d70       ??_GObjectWrap@Nan@@UEAAPEAXI@Z 0000000180004d70 f i device.obj
 0001:00003de0       ?ref@Device@@QEAAXXZ       0000000180004de0 f i device.obj
 0001:00003e20       ??0Device@@IEAA@PEAUlibusb_device@@@Z 0000000180004e20 f   device.obj
 0001:00003eb0       ??_EDevice@@UEAAPEAXI@Z    0000000180004eb0 f i * CIL library *:* CIL module *
 0001:00003eb0       ??_GDevice@@UEAAPEAXI@Z    0000000180004eb0 f i device.obj
 0001:00003f40       ?DeviceWeakCallback@@YAXAEBV?$WeakCallbackInfo@Ulibusb_device@@@Nan@@@Z 0000000180004f40 f   device.obj
 0001:00003f60       ?get@Device@@SA?AV?$Local@VObject@v8@@@v8@@PEAUlibusb_device@@@Z 0000000180004f60 f   device.obj
 0001:00004aa0       ?Device_GetConfigDescriptor@@YAXAEBV?$FunctionCallbackInfo@VValue@v8@@@Nan@@@Z 0000000180005aa0 f   device.obj
 0001:00006120       ?Device_Open@@YAXAEBV?$FunctionCallbackInfo@VValue@v8@@@Nan@@@Z 0000000180007120 f   device.obj
 0001:00006240       ?Device_Close@@YAXAEBV?$FunctionCallbackInfo@VValue@v8@@@Nan@@@Z 0000000180007240 f   device.obj
 0001:00006330       ?submit@Req@@QEAAXPEAUDevice@@V?$Local@VFunction@v8@@@v8@@P6AXPEAUuv_work_s@@@Z3@Z 0000000180007330 f i device.obj
 0001:00006400       ?default_after@Req@@SAXPEAUuv_work_s@@@Z 0000000180007400 f i device.obj
 0001:000065f0       ??1TryCatch@Nan@@QEAA@XZ   00000001800075f0 f i device.obj
 0001:00006600       ?begin@Device_Reset@@SAXAEBV?$FunctionCallbackInfo@VValue@v8@@@Nan@@@Z 0000000180007600 f i device.obj
 0001:00006750       ?backend@Device_Reset@@SAXPEAUuv_work_s@@@Z 0000000180007750 f i device.obj
 0001:000067c0       ?IsKernelDriverActive@@YAXAEBV?$FunctionCallbackInfo@VValue@v8@@@Nan@@@Z 00000001800077c0 f   device.obj
 0001:00006990       ?DetachKernelDriver@@YAXAEBV?$FunctionCallbackInfo@VValue@v8@@@Nan@@@Z 0000000180007990 f   device.obj
 0001:00006b10       ?AttachKernelDriver@@YAXAEBV?$FunctionCallbackInfo@VValue@v8@@@Nan@@@Z 0000000180007b10 f   device.obj
 0001:00006c90       ?Device_ClaimInterface@@YAXAEBV?$FunctionCallbackInfo@VValue@v8@@@Nan@@@Z 0000000180007c90 f   device.obj
 0001:00006e10       ?begin@Device_ReleaseInterface@@SAXAEBV?$FunctionCallbackInfo@VValue@v8@@@Nan@@@Z 0000000180007e10 f i device.obj
 0001:00006fe0       ?backend@Device_ReleaseInterface@@SAXPEAUuv_work_s@@@Z 0000000180007fe0 f i device.obj
 0001:00007010       ?begin@Device_SetInterface@@SAXAEBV?$FunctionCallbackInfo@VValue@v8@@@Nan@@@Z 0000000180008010 f i device.obj
 0001:00007250       ?backend@Device_SetInterface@@SAXPEAUuv_work_s@@@Z 0000000180008250 f i device.obj
 0001:00007290       ?begin@Device_SetConfiguration@@SAXAEBV?$FunctionCallbackInfo@VValue@v8@@@Nan@@@Z 0000000180008290 f i device.obj
 0001:00007460       ?backend@Device_SetConfiguration@@SAXPEAUuv_work_s@@@Z 0000000180008460 f i device.obj
 0001:000074d0       ?Init@Device@@SAXV?$Local@VObject@v8@@@v8@@@Z 00000001800084d0 f   device.obj
 0001:000076f0       ?erase@?$_Tree@V?$_Tmap_traits@PEAUlibusb_device@@V?$Persistent@VObject@v8@@V?$NonCopyablePersistentTraits@VObject@v8@@@2@@Nan@@U?$less@PEAUlibusb_device@@@std@@V?$allocator@U?$pair@QEAUlibusb_device@@V?$Persistent@VObject@v8@@V?$NonCopyablePersistentTraits@VObject@v8@@@2@@Nan@@@std@@@5@$0A@@std@@@std@@QEAA_KAEBQEAUlibusb_device@@@Z 00000001800086f0 f i device.obj
 0001:000077a0       ?erase@?$_Tree@V?$_Tmap_traits@PEAUlibusb_device@@V?$Persistent@VObject@v8@@V?$NonCopyablePersistentTraits@VObject@v8@@@2@@Nan@@U?$less@PEAUlibusb_device@@@std@@V?$allocator@U?$pair@QEAUlibusb_device@@V?$Persistent@VObject@v8@@V?$NonCopyablePersistentTraits@VObject@v8@@@2@@Nan@@@std@@@5@$0A@@std@@@std@@QEAA?AV?$_Tree_iterator@V?$_Tree_val@U?$_Tree_simple_types@U?$pair@QEAUlibusb_device@@V?$Persistent@VObject@v8@@V?$NonCopyablePersistentTraits@VObject@v8@@@2@@Nan@@@std@@@std@@@std@@@2@V?$_Tree_const_iterator@V?$_Tree_val@U?$_Tree_simple_types@U?$pair@QEAUlibusb_device@@V?$Persistent@VObject@v8@@V?$NonCopyablePersistentTraits@VObject@v8@@@2@@Nan@@@std@@@std@@@std@@@2@0@Z 00000001800087a0 f i device.obj
 0001:00007880       ?clear@?$_Tree@V?$_Tmap_traits@PEAUlibusb_device@@V?$Persistent@VObject@v8@@V?$NonCopyablePersistentTraits@VObject@v8@@@2@@Nan@@U?$less@PEAUlibusb_device@@@std@@V?$allocator@U?$pair@QEAUlibusb_device@@V?$Persistent@VObject@v8@@V?$NonCopyablePersistentTraits@VObject@v8@@@2@@Nan@@@std@@@5@$0A@@std@@@std@@QEAAXXZ 0000000180008880 f i device.obj
 0001:00007910       ?erase@?$_Tree@V?$_Tmap_traits@PEAUlibusb_device@@V?$Persistent@VObject@v8@@V?$NonCopyablePersistentTraits@VObject@v8@@@2@@Nan@@U?$less@PEAUlibusb_device@@@std@@V?$allocator@U?$pair@QEAUlibusb_device@@V?$Persistent@VObject@v8@@V?$NonCopyablePersistentTraits@VObject@v8@@@2@@Nan@@@std@@@5@$0A@@std@@@std@@QEAA?AV?$_Tree_iterator@V?$_Tree_val@U?$_Tree_simple_types@U?$pair@QEAUlibusb_device@@V?$Persistent@VObject@v8@@V?$NonCopyablePersistentTraits@VObject@v8@@@2@@Nan@@@std@@@std@@@std@@@2@V?$_Tree_const_iterator@V?$_Tree_val@U?$_Tree_simple_types@U?$pair@QEAUlibusb_device@@V?$Persistent@VObject@v8@@V?$NonCopyablePersistentTraits@VObject@v8@@@2@@Nan@@@std@@@std@@@std@@@2@@Z 0000000180008910 f i device.obj
 0001:00007ca0       ?_Rrotate@?$_Tree@V?$_Tmap_traits@PEAUlibusb_device@@V?$Persistent@VObject@v8@@V?$NonCopyablePersistentTraits@VObject@v8@@@2@@Nan@@U?$less@PEAUlibusb_device@@@std@@V?$allocator@U?$pair@QEAUlibusb_device@@V?$Persistent@VObject@v8@@V?$NonCopyablePersistentTraits@VObject@v8@@@2@@Nan@@@std@@@5@$0A@@std@@@std@@IEAAXPEAU?$_Tree_node@U?$pair@QEAUlibusb_device@@V?$Persistent@VObject@v8@@V?$NonCopyablePersistentTraits@VObject@v8@@@2@@Nan@@@std@@PEAX@2@@Z 0000000180008ca0 f i device.obj
 0001:00007d00       ?_Lrotate@?$_Tree@V?$_Tmap_traits@PEAUlibusb_device@@V?$Persistent@VObject@v8@@V?$NonCopyablePersistentTraits@VObject@v8@@@2@@Nan@@U?$less@PEAUlibusb_device@@@std@@V?$allocator@U?$pair@QEAUlibusb_device@@V?$Persistent@VObject@v8@@V?$NonCopyablePersistentTraits@VObject@v8@@@2@@Nan@@@std@@@5@$0A@@std@@@std@@IEAAXPEAU?$_Tree_node@U?$pair@QEAUlibusb_device@@V?$Persistent@VObject@v8@@V?$NonCopyablePersistentTraits@VObject@v8@@@2@@Nan@@@std@@PEAX@2@@Z 0000000180008d00 f i device.obj
 0001:00007d60       ?_Erase@?$_Tree@V?$_Tmap_traits@PEAUlibusb_device@@V?$Persistent@VObject@v8@@V?$NonCopyablePersistentTraits@VObject@v8@@@2@@Nan@@U?$less@PEAUlibusb_device@@@std@@V?$allocator@U?$pair@QEAUlibusb_device@@V?$Persistent@VObject@v8@@V?$NonCopyablePersistentTraits@VObject@v8@@@2@@Nan@@@std@@@5@$0A@@std@@@std@@IEAAXPEAU?$_Tree_node@U?$pair@QEAUlibusb_device@@V?$Persistent@VObject@v8@@V?$NonCopyablePersistentTraits@VObject@v8@@@2@@Nan@@@std@@PEAX@2@@Z 0000000180008d60 f i device.obj
 0001:00007dc0       ??$New@VUint32@v8@@I@Nan@@YA?AV?$Local@VUint32@v8@@@v8@@I@Z 0000000180008dc0 f i device.obj
 0001:00007e40       ??$invokeparameter@$00@?$WeakCallbackInfo@Ulibusb_device@@@Nan@@CAXAEBV?$WeakCallbackInfo@V?$WeakCallbackInfo@Ulibusb_device@@@Nan@@@v8@@@Z 0000000180008e40 f i device.obj
 0001:00007ea0       ??$_Distance1@V?$_Tree_iterator@V?$_Tree_val@U?$_Tree_simple_types@U?$pair@QEAUlibusb_device@@V?$Persistent@VObject@v8@@V?$NonCopyablePersistentTraits@VObject@v8@@@2@@Nan@@@std@@@std@@@std@@@std@@@std@@YA_JV?$_Tree_iterator@V?$_Tree_val@U?$_Tree_simple_types@U?$pair@QEAUlibusb_device@@V?$Persistent@VObject@v8@@V?$NonCopyablePersistentTraits@VObject@v8@@@2@@Nan@@@std@@@std@@@std@@@0@0Uinput_iterator_tag@0@@Z 0000000180008ea0 f i device.obj
 0001:00007f20       ??0?$_Wrap_alloc@V?$allocator@U?$_Tree_node@U?$pair@QEAUlibusb_device@@V?$Persistent@VObject@v8@@V?$NonCopyablePersistentTraits@VObject@v8@@@2@@Nan@@@std@@PEAX@std@@@std@@@std@@QEAA@XZ 0000000180008f20 f i device.obj
 0001:00007f30       ??$_Insert_nohint@AEAU?$pair@QEAUlibusb_device@@V?$Persistent@VObject@v8@@V?$NonCopyablePersistentTraits@VObject@v8@@@2@@Nan@@@std@@PEAU?$_Tree_node@U?$pair@QEAUlibusb_device@@V?$Persistent@VObject@v8@@V?$NonCopyablePersistentTraits@VObject@v8@@@2@@Nan@@@std@@PEAX@2@@?$_Tree@V?$_Tmap_traits@PEAUlibusb_device@@V?$Persistent@VObject@v8@@V?$NonCopyablePersistentTraits@VObject@v8@@@2@@Nan@@U?$less@PEAUlibusb_device@@@std@@V?$allocator@U?$pair@QEAUlibusb_device@@V?$Persistent@VObject@v8@@V?$NonCopyablePersistentTraits@VObject@v8@@@2@@Nan@@@std@@@5@$0A@@std@@@std@@IEAA?AU?$pair@V?$_Tree_iterator@V?$_Tree_val@U?$_Tree_simple_types@U?$pair@QEAUlibusb_device@@V?$Persistent@VObject@v8@@V?$NonCopyablePersistentTraits@VObject@v8@@@2@@Nan@@@std@@@std@@@std@@@std@@_N@1@_NAEAU?$pair@QEAUlibusb_device@@V?$Persistent@VObject@v8@@V?$NonCopyablePersistentTraits@VObject@v8@@@2@@Nan@@@1@PEAU?$_Tree_node@U?$pair@QEAUlibusb_device@@V?$Persistent@VObject@v8@@V?$NonCopyablePersistentTraits@VObject@v8@@@2@@Nan@@@std@@PEAX@1@@Z 0000000180008f30 f i device.obj
 0001:00008060       ??$invokeparameter@$0A@@?$WeakCallbackInfo@Ulibusb_device@@@Nan@@CAXAEBV?$WeakCallbackInfo@V?$WeakCallbackInfo@Ulibusb_device@@@Nan@@@v8@@@Z 0000000180009060 f i device.obj
 0001:000080a0       ??$_Insert_at@AEAU?$pair@QEAUlibusb_device@@V?$Persistent@VObject@v8@@V?$NonCopyablePersistentTraits@VObject@v8@@@2@@Nan@@@std@@PEAU?$_Tree_node@U?$pair@QEAUlibusb_device@@V?$Persistent@VObject@v8@@V?$NonCopyablePersistentTraits@VObject@v8@@@2@@Nan@@@std@@PEAX@2@@?$_Tree@V?$_Tmap_traits@PEAUlibusb_device@@V?$Persistent@VObject@v8@@V?$NonCopyablePersistentTraits@VObject@v8@@@2@@Nan@@U?$less@PEAUlibusb_device@@@std@@V?$allocator@U?$pair@QEAUlibusb_device@@V?$Persistent@VObject@v8@@V?$NonCopyablePersistentTraits@VObject@v8@@@2@@Nan@@@std@@@5@$0A@@std@@@std@@IEAA?AV?$_Tree_iterator@V?$_Tree_val@U?$_Tree_simple_types@U?$pair@QEAUlibusb_device@@V?$Persistent@VObject@v8@@V?$NonCopyablePersistentTraits@VObject@v8@@@2@@Nan@@@std@@@std@@@std@@@1@_NPEAU?$_Tree_node@U?$pair@QEAUlibusb_device@@V?$Persistent@VObject@v8@@V?$NonCopyablePersistentTraits@VObject@v8@@@2@@Nan@@@std@@PEAX@1@AEAU?$pair@QEAUlibusb_device@@V?$Persistent@VObject@v8@@V?$NonCopyablePersistentTraits@VObject@v8@@@2@@Nan@@@1@1@Z 00000001800090a0 f i device.obj
 0001:00008360       ??_GTransfer@@UEAAPEAXI@Z  0000000180009360 f i transfer.obj
 0001:00008360       ??_ETransfer@@UEAAPEAXI@Z  0000000180009360 f i * CIL library *:* CIL module *
 0001:000083a0       ??1Transfer@@UEAA@XZ       00000001800093a0 f   transfer.obj
 0001:00008420       ?Transfer_constructor@@YAXAEBV?$FunctionCallbackInfo@VValue@v8@@@Nan@@@Z 0000000180009420 f   transfer.obj
 0001:00008830       ?Transfer_Submit@@YAXAEBV?$FunctionCallbackInfo@VValue@v8@@@Nan@@@Z 0000000180009830 f   transfer.obj
 0001:00008a70       usbCompletionCb            0000000180009a70 f   transfer.obj
 0001:00008ac0       ?handleCompletion@@YAXPEAUTransfer@@@Z 0000000180009ac0 f   transfer.obj
 0001:00008d70       ?Transfer_Cancel@@YAXAEBV?$FunctionCallbackInfo@VValue@v8@@@Nan@@@Z 0000000180009d70 f   transfer.obj
 0001:00008e70       ?Init@Transfer@@SAXV?$Local@VObject@v8@@@v8@@@Z 0000000180009e70 f   transfer.obj
 0001:00008f90       ??0?$UVQueue@PEAUTransfer@@@@QEAA@P6AXPEAUTransfer@@@ZH@Z 0000000180009f90 f i transfer.obj
 0001:00009070       ?internal_callback@?$UVQueue@PEAUTransfer@@@@CAXPEAUuv_async_s@@@Z 000000018000a070 f i transfer.obj
 0001:00009150       ?push_back@?$deque@PEAUTransfer@@V?$allocator@PEAUTransfer@@@std@@@std@@QEAAXAEBQEAUTransfer@@@Z 000000018000a150 f i transfer.obj
 0001:00009210       ?_Growmap@?$deque@PEAUTransfer@@V?$allocator@PEAUTransfer@@@std@@@std@@IEAAX_K@Z 000000018000a210 f i transfer.obj
 0001:00009440       __local_stdio_printf_options 000000018000a440 f i libusb:core.obj
 0001:00009450       _vsnprintf                 000000018000a450 f i libusb:core.obj
 0001:000094c0       _snprintf                  000000018000a4c0 f i libusb:core.obj
 0001:00009520       discovered_devs_append     000000018000a520 f   libusb:core.obj
 0001:00009780       usbi_alloc_device          000000018000a780 f   libusb:core.obj
 0001:00009810       usbi_connect_device        000000018000a810 f   libusb:core.obj
 0001:00009900       usbi_disconnect_device     000000018000a900 f   libusb:core.obj
 0001:00009a20       usbi_sanitize_device       000000018000aa20 f   libusb:core.obj
 0001:00009aa0       usbi_get_device_by_session_id 000000018000aaa0 f   libusb:core.obj
 0001:00009ba0       libusb_get_device_list     000000018000aba0 f   libusb:core.obj
 0001:00009da0       libusb_free_device_list    000000018000ada0 f   libusb:core.obj
 0001:00009ed0       libusb_get_port_numbers    000000018000aed0 f   libusb:core.obj
 0001:00009f70       libusb_ref_device          000000018000af70 f   libusb:core.obj
 0001:00009fc0       libusb_unref_device        000000018000afc0 f   libusb:core.obj
 0001:0000a0a0       usbi_fd_notification       000000018000b0a0 f   libusb:core.obj
 0001:0000a2a0       libusb_open                000000018000b2a0 f   libusb:core.obj
 0001:0000a6f0       libusb_close               000000018000b6f0 f   libusb:core.obj
 0001:0000a920       libusb_claim_interface     000000018000b920 f   libusb:core.obj
 0001:0000aa00       libusb_release_interface   000000018000ba00 f   libusb:core.obj
 0001:0000aac0       libusb_set_interface_alt_setting 000000018000bac0 f   libusb:core.obj
 0001:0000abc0       libusb_detach_kernel_driver 000000018000bbc0 f   libusb:core.obj
 0001:0000ac40       libusb_attach_kernel_driver 000000018000bc40 f   libusb:core.obj
 0001:0000acc0       libusb_init                000000018000bcc0 f   libusb:core.obj
 0001:0000b1a0       usbi_log_v                 000000018000c1a0 f   libusb:core.obj
 0001:0000b470       usbi_log                   000000018000c470 f   libusb:core.obj
 0001:0000b490       libusb_error_name          000000018000c490 f   libusb:core.obj
 0001:0000b630       usbi_hotplug_match         000000018000c630 f   libusb:hotplug.obj
 0001:0000b810       libusb_hotplug_register_callback 000000018000c810 f   libusb:hotplug.obj
 0001:0000b8e0       libusb_hotplug_deregister_callback 000000018000c8e0 f   libusb:hotplug.obj
 0001:0000b9e0       usbi_io_init               000000018000c9e0 f   libusb:io.obj
 0001:0000be90       libusb_alloc_transfer      000000018000ce90 f   libusb:io.obj
 0001:0000bf10       libusb_free_transfer       000000018000cf10 f   libusb:io.obj
 0001:0000bf90       libusb_submit_transfer     000000018000cf90 f   libusb:io.obj
 0001:0000c150       libusb_cancel_transfer     000000018000d150 f   libusb:io.obj
 0001:0000c250       usbi_handle_transfer_completion 000000018000d250 f   libusb:io.obj
 0001:0000c3a0       libusb_try_lock_events     000000018000d3a0 f   libusb:io.obj
 0001:0000c4d0       libusb_unlock_events       000000018000d4d0 f   libusb:io.obj
 0001:0000c5a0       libusb_event_handler_active 000000018000d5a0 f   libusb:io.obj
 0001:0000c660       libusb_wait_for_event      000000018000d660 f   libusb:io.obj
 0001:0000cd60       libusb_handle_events_timeout_completed 000000018000dd60 f   libusb:io.obj
 0001:0000cf80       libusb_get_next_timeout    000000018000df80 f   libusb:io.obj
 0001:0000d1b0       usbi_add_pollfd            000000018000e1b0 f   libusb:io.obj
 0001:0000d2e0       usbi_remove_pollfd         000000018000e2e0 f   libusb:io.obj
 0001:0000d460       usbi_parse_descriptor      000000018000e460 f   libusb:descriptor.obj
 0001:0000e490       usbi_device_cache_descriptor 000000018000f490 f   libusb:descriptor.obj
 0001:0000e540       libusb_get_active_config_descriptor 000000018000f540 f   libusb:descriptor.obj
 0001:0000e740       libusb_get_config_descriptor 000000018000f740 f   libusb:descriptor.obj
 0001:0000e970       usbi_mutex_init            000000018000f970 f   libusb:threads_windows.obj
 0001:0000e9d0       usbi_mutex_destroy         000000018000f9d0 f   libusb:threads_windows.obj
 0001:0000ea10       usbi_mutex_lock            000000018000fa10 f   libusb:threads_windows.obj
 0001:0000ea50       usbi_mutex_unlock          000000018000fa50 f   libusb:threads_windows.obj
 0001:0000eaa0       usbi_mutex_static_lock     000000018000faa0 f   libusb:threads_windows.obj
 0001:0000eb00       usbi_cond_destroy          000000018000fb00 f   libusb:threads_windows.obj
 0001:0000ebc0       usbi_cond_broadcast        000000018000fbc0 f   libusb:threads_windows.obj
 0001:0000ee40       usbi_cond_timedwait        000000018000fe40 f   libusb:threads_windows.obj
 0001:0000f100       init_polling               0000000180010100 f   libusb:poll_windows.obj
 0001:0000f310       exit_polling               0000000180010310 f   libusb:poll_windows.obj
 0001:0000f4e0       usbi_pipe                  00000001800104e0 f   libusb:poll_windows.obj
 0001:0000f630       usbi_create_fd             0000000180010630 f   libusb:poll_windows.obj
 0001:0000fa90       usbi_free_fd               0000000180010a90 f   libusb:poll_windows.obj
 0001:0000fb00       handle_to_winfd            0000000180010b00 f   libusb:poll_windows.obj
 0001:0000fd50       usbi_poll                  0000000180010d50 f   libusb:poll_windows.obj
 0001:00010110       usbi_close                 0000000180011110 f   libusb:poll_windows.obj
 0001:000101f0       usbi_write                 00000001800111f0 f   libusb:poll_windows.obj
 0001:00010360       usbi_read                  0000000180011360 f   libusb:poll_windows.obj
 0001:00010560       __local_stdio_scanf_options 0000000180011560 f i libusb:windows_usb.obj
 0001:00010570       sprintf                    0000000180011570 f i libusb:windows_usb.obj
 0001:000105d0       sscanf                     00000001800115d0 f i libusb:windows_usb.obj
 0001:000134b0       message_callback_handle_device_change 00000001800144b0 f   libusb:windows_usb.obj
 0001:00013a00       messaging_callback         0000000180014a00 f   libusb:windows_usb.obj
 0001:00013a20       windows_hotplug_threaded   0000000180014a20 f   libusb:windows_usb.obj
 0001:00013ca0       windows_scan_devices       0000000180014ca0 f   libusb:windows_usb.obj
 0001:00016f40       windows_clock_gettime_threaded 0000000180017f40 f   libusb:windows_usb.obj
 0001:0001c090       libusb_control_transfer    000000018001d090 f   libusb:sync.obj
 0001:0001c24c       ??0bad_alloc@std@@QEAA@AEBV01@@Z 000000018001d24c f i libcpmt:xthrow.obj
 0001:0001c28c       ??0bad_alloc@std@@QEAA@XZ  000000018001d28c f i libcpmt:xthrow.obj
 0001:0001c2ac       ??0exception@std@@QEAA@AEBV01@@Z 000000018001d2ac f i libcpmt:xthrow.obj
 0001:0001c2e4       ??0length_error@std@@QEAA@AEBV01@@Z 000000018001d2e4 f i libcpmt:xthrow.obj
 0001:0001c324       ??0length_error@std@@QEAA@PEBD@Z 000000018001d324 f i libcpmt:xthrow.obj
 0001:0001c370       ??0logic_error@std@@QEAA@AEBV01@@Z 000000018001d370 f i libcpmt:xthrow.obj
 0001:0001c3b0       ?_Xlength_error@std@@YAXPEBD@Z 000000018001d3b0 f   libcpmt:xthrow.obj
 0001:0001c3d4       ?what@exception@std@@UEBAPEBDXZ 000000018001d3d4 f i libcpmt:xthrow.obj
 0001:0001c400       __security_check_cookie    000000018001d400 f   LIBCMT:_amdsecgs_.obj
 0001:0001c424       ??2@YAPEAX_K@Z             000000018001d424 f   LIBCMT:new_scalar.obj
 0001:0001c460       __scrt_acquire_startup_lock 000000018001d460 f   LIBCMT:utility.obj
 0001:0001c49c       __scrt_dllmain_after_initialize_c 000000018001d49c f   LIBCMT:utility.obj
 0001:0001c4d0       __scrt_dllmain_before_initialize_c 000000018001d4d0 f   LIBCMT:utility.obj
 0001:0001c4e8       __scrt_dllmain_crt_thread_attach 000000018001d4e8 f   LIBCMT:utility.obj
 0001:0001c510       __scrt_dllmain_crt_thread_detach 000000018001d510 f   LIBCMT:utility.obj
 0001:0001c528       __scrt_dllmain_exception_filter 000000018001d528 f   LIBCMT:utility.obj
 0001:0001c58c       __scrt_dllmain_uninitialize_c 000000018001d58c f   LIBCMT:utility.obj
 0001:0001c5bc       __scrt_dllmain_uninitialize_critical 000000018001d5bc f   LIBCMT:utility.obj
 0001:0001c5d0       __scrt_initialize_crt      000000018001d5d0 f   LIBCMT:utility.obj
 0001:0001c61c       __scrt_initialize_onexit_tables 000000018001d61c f   LIBCMT:utility.obj
 0001:0001c6e8       __scrt_is_nonwritable_in_current_image 000000018001d6e8 f   LIBCMT:utility.obj
 0001:0001c784       __scrt_release_startup_lock 000000018001d784 f   LIBCMT:utility.obj
 0001:0001c7a8       __scrt_uninitialize_crt    000000018001d7a8 f   LIBCMT:utility.obj
 0001:0001c7d4       _onexit                    000000018001d7d4 f   LIBCMT:utility.obj
 0001:0001c824       atexit                     000000018001d824 f   LIBCMT:utility.obj
 0001:0001c83c       ??3@YAXPEAX@Z              000000018001d83c f   LIBCMT:delete_scalar.obj
 0001:0001c844       ??3@YAXPEAX_K@Z            000000018001d844 f   LIBCMT:delete_scalar_size.obj
 0001:0001cb98       _DllMainCRTStartup         000000018001db98 f   LIBCMT:dll_dllmain.obj
 0001:0001cbd8       __raise_securityfailure    000000018001dbd8 f   LIBCMT:gs_report.obj
 0001:0001cc0c       __report_gsfailure         000000018001dc0c f   LIBCMT:gs_report.obj
 0001:0001cce0       __report_rangecheckfailure 000000018001dce0 f   LIBCMT:gs_report.obj
 0001:0001ccf4       __report_securityfailure   000000018001dcf4 f   LIBCMT:gs_report.obj
 0001:0001ce74       ??_Etype_info@@UEAAPEAXI@Z 000000018001de74 f i LIBCMT:std_type_info_static.obj
 0001:0001ce74       ??_Gtype_info@@UEAAPEAXI@Z 000000018001de74 f i LIBCMT:std_type_info_static.obj
 0001:0001cea0       ??0bad_array_new_length@std@@QEAA@AEBV01@@Z 000000018001dea0 f i LIBCMT:throw_bad_alloc.obj
 0001:0001cee0       ??0bad_array_new_length@std@@QEAA@XZ 000000018001dee0 f i LIBCMT:throw_bad_alloc.obj
 0001:0001cf00       ??_Gexception@std@@UEAAPEAXI@Z 000000018001df00 f i libcpmt:xthrow.obj
 0001:0001cf00       ??_Elogic_error@std@@UEAAPEAXI@Z 000000018001df00 f i libcpmt:xthrow.obj
 0001:0001cf00       ??_Gbad_exception@std@@UEAAPEAXI@Z 000000018001df00 f i libvcruntime:frame.obj
 0001:0001cf00       ??_Ebad_alloc@std@@UEAAPEAXI@Z 000000018001df00 f i libcpmt:xthrow.obj
 0001:0001cf00       ??_Glength_error@std@@UEAAPEAXI@Z 000000018001df00 f i libcpmt:xthrow.obj
 0001:0001cf00       ??_Ebad_exception@std@@UEAAPEAXI@Z 000000018001df00 f i libvcruntime:frame.obj
 0001:0001cf00       ??_Ebad_array_new_length@std@@UEAAPEAXI@Z 000000018001df00 f i LIBCMT:throw_bad_alloc.obj
 0001:0001cf00       ??_Gbad_alloc@std@@UEAAPEAXI@Z 000000018001df00 f i libcpmt:xthrow.obj
 0001:0001cf00       ??_Elength_error@std@@UEAAPEAXI@Z 000000018001df00 f i libcpmt:xthrow.obj
 0001:0001cf00       ??_Gbad_array_new_length@std@@UEAAPEAXI@Z 000000018001df00 f i LIBCMT:throw_bad_alloc.obj
 0001:0001cf00       ??_Glogic_error@std@@UEAAPEAXI@Z 000000018001df00 f i libcpmt:xthrow.obj
 0001:0001cf00       ??_Eexception@std@@UEAAPEAXI@Z 000000018001df00 f i libcpmt:xthrow.obj
 0001:0001cf44       ?_Xbad_alloc@std@@YAXXZ    000000018001df44 f   libcpmt:xthrow.obj
 0001:0001cf44       ?__scrt_throw_std_bad_alloc@@YAXXZ 000000018001df44 f   LIBCMT:throw_bad_alloc.obj
 0001:0001cf64       ?__scrt_throw_std_bad_array_new_length@@YAXXZ 000000018001df64 f   LIBCMT:throw_bad_alloc.obj
 0001:0001cf84       __isa_available_init       000000018001df84 f   LIBCMT:_cpu_disp_.obj
 0001:0001d14c       DllMain                    000000018001e14c f   LIBCMT:dll_dllmain_stub.obj
 0001:0001d14c       _get_startup_argv_mode     000000018001e14c f   LIBCMT:argv_mode.obj
 0001:0001d154       __scrt_is_ucrt_dll_in_use  000000018001e154 f   LIBCMT:ucrt_detection.obj
 0001:0001d160       __crt_debugger_hook        000000018001e160 f   LIBCMT:utility_desktop.obj
 0001:0001d168       __scrt_fastfail            000000018001e168 f   LIBCMT:utility_desktop.obj
 0001:0001d2b0       _guard_check_icall         000000018001e2b0 f i LIBCMT:checkcfg.obj
 0001:0001d2b8       __security_init_cookie     000000018001e2b8 f   LIBCMT:gs_support.obj
 0001:0001d364       ?__scrt_initialize_type_info@@YAXXZ 000000018001e364 f   LIBCMT:tncleanup.obj
 0001:0001d374       ?__scrt_uninitialize_type_info@@YAXXZ 000000018001e374 f   LIBCMT:tncleanup.obj
 0001:0001d380       __scrt_initialize_default_local_stdio_options 000000018001e380 f   LIBCMT:default_local_stdio_options.obj
 0001:0001d39c       __scrt_get_dyn_tls_init_callback 000000018001e39c f   LIBCMT:dyn_tls_init.obj
 0001:0001d3a4       _RTC_Initialize            000000018001e3a4 f   LIBCMT:_initsect_.obj
 0001:0001d3f0       _RTC_Terminate             000000018001e3f0 f   LIBCMT:_initsect_.obj
 0001:0001d450       memmove                    000000018001e450 f   libvcruntime:memcpy.obj
 0001:0001d450       memcpy                     000000018001e450 f   libvcruntime:memcpy.obj
 0001:0001d888       __DestructExceptionObject  000000018001e888 f   libvcruntime:frame.obj
 0001:0001d910       ??0bad_exception@std@@QEAA@AEBV01@@Z 000000018001e910 f i libvcruntime:frame.obj
 0001:0001d950       ??0bad_exception@std@@QEAA@XZ 000000018001e950 f i libvcruntime:frame.obj
 0001:0001d970       ??1bad_exception@std@@UEAA@XZ 000000018001e970 f i libvcruntime:frame.obj
 0001:0001d970       ??1bad_alloc@std@@UEAA@XZ  000000018001e970 f i libcpmt:xthrow.obj
 0001:0001d970       ??1bad_array_new_length@std@@UEAA@XZ 000000018001e970 f i LIBCMT:throw_bad_alloc.obj
 0001:0001d970       ??1length_error@std@@UEAA@XZ 000000018001e970 f i libcpmt:xthrow.obj
 0001:0001e2e0       ?_CallMemberFunction0@@YAXPEAXP6AX0@Z@Z 000000018001f2e0 f i libvcruntime:frame.obj
 0001:0001e2e4       ?_CallMemberFunction1@@YAXPEAXP6AX0@Z0@Z 000000018001f2e4 f i libvcruntime:frame.obj
 0001:0001e2f0       ?_CallMemberFunction2@@YAXPEAXP6AX0@Z0H@Z 000000018001f2f0 f i libvcruntime:frame.obj
 0001:0001e300       __AdjustPointer            000000018001f300 f   libvcruntime:frame.obj
 0001:0001e324       __BuildCatchObject         000000018001f324 f   libvcruntime:frame.obj
 0001:0001e3e8       __BuildCatchObjectHelper   000000018001f3e8 f   libvcruntime:frame.obj
 0001:0001e5c8       __CxxCallCatchBlock        000000018001f5c8 f   libvcruntime:frame.obj
 0001:0001e7b4       __FrameUnwindFilter        000000018001f7b4 f   libvcruntime:frame.obj
 0001:0001e800       __FrameUnwindToState       000000018001f800 f   libvcruntime:frame.obj
 0001:0001e994       __InternalCxxFrameHandler  000000018001f994 f   libvcruntime:frame.obj
 0001:0001ebec       __TypeMatch                000000018001fbec f   libvcruntime:frame.obj
 0001:0001ed2c       __std_terminate            000000018001fd2c f   libvcruntime:frame.obj
 0001:0001ed38       strchr                     000000018001fd38 f   libvcruntime:strchr.obj
 0001:0001edc4       __std_exception_copy       000000018001fdc4 f   libvcruntime:std_exception.obj
 0001:0001ee54       __std_exception_destroy    000000018001fe54 f   libvcruntime:std_exception.obj
 0001:0001ee7c       _CxxThrowException         000000018001fe7c f   libvcruntime:throw.obj
 0001:0001ef54       __vcrt_initialize          000000018001ff54 f   libvcruntime:initialization.obj
 0001:0001ef88       __vcrt_thread_attach       000000018001ff88 f   libvcruntime:initialization.obj
 0001:0001ef9c       __vcrt_thread_detach       000000018001ff9c f   libvcruntime:initialization.obj
 0001:0001efb0       __vcrt_uninitialize        000000018001ffb0 f   libvcruntime:initialization.obj
 0001:0001efd0       __vcrt_uninitialize_critical 000000018001ffd0 f   libvcruntime:initialization.obj
 0001:0001efe0       __C_specific_handler       000000018001ffe0 f   libvcruntime:_chandler_.obj
 0001:0001f1f0       memset                     00000001800201f0 f   libvcruntime:memset.obj
 0001:0001f390       __std_type_info_compare    0000000180020390 f   libvcruntime:std_type_info.obj
 0001:0001f3b8       __std_type_info_destroy_list 00000001800203b8 f   libvcruntime:std_type_info.obj
 0001:0001f3e4       __vcrt_freefls             00000001800203e4 f   libvcruntime:per_thread_data.obj
 0001:0001f404       __vcrt_freeptd             0000000180020404 f   libvcruntime:per_thread_data.obj
 0001:0001f454       __vcrt_getptd              0000000180020454 f   libvcruntime:per_thread_data.obj
 0001:0001f470       __vcrt_getptd_noexit       0000000180020470 f   libvcruntime:per_thread_data.obj
 0001:0001f528       __vcrt_initialize_ptd      0000000180020528 f   libvcruntime:per_thread_data.obj
 0001:0001f568       __vcrt_uninitialize_ptd    0000000180020568 f   libvcruntime:per_thread_data.obj
 0001:0001f58c       ?__GetCurrentState@@YAHPEA_KPEAU_xDISPATCHER_CONTEXT@@PEBU_s_FuncInfo@@@Z 000000018002058c f   libvcruntime:ehstate.obj
 0001:0001f5b4       ?__GetUnwindTryBlock@@YAHPEA_KPEAU_xDISPATCHER_CONTEXT@@PEBU_s_FuncInfo@@@Z 00000001800205b4 f   libvcruntime:ehstate.obj
 0001:0001f5e0       ?__SetState@@YAXPEA_KPEAU_xDISPATCHER_CONTEXT@@PEBU_s_FuncInfo@@H@Z 00000001800205e0 f   libvcruntime:ehstate.obj
 0001:0001f5ec       ?__SetUnwindTryBlock@@YAXPEA_KPEAU_xDISPATCHER_CONTEXT@@PEBU_s_FuncInfo@@H@Z 00000001800205ec f   libvcruntime:ehstate.obj
 0001:0001f628       ?__StateFromControlPc@@YAHPEBU_s_FuncInfo@@PEAU_xDISPATCHER_CONTEXT@@@Z 0000000180020628 f   libvcruntime:ehstate.obj
 0001:0001f630       ?__StateFromIp@@YAHPEBU_s_FuncInfo@@PEAU_xDISPATCHER_CONTEXT@@_J@Z 0000000180020630 f   libvcruntime:ehstate.obj
 0001:0001f6b0       _CallSettingFrame          00000001800206b0 f   libvcruntime:handlers.obj
 0001:0001f6f0       ?_ExecutionInCatch@@YAHPEAU_xDISPATCHER_CONTEXT@@PEBU_s_FuncInfo@@@Z 00000001800206f0 f   libvcruntime:trnsctrl.obj
 0001:0001f764       ?_GetEstablisherFrame@@YAPEA_KPEA_KPEAU_xDISPATCHER_CONTEXT@@PEBU_s_FuncInfo@@0@Z 0000000180020764 f   libvcruntime:trnsctrl.obj
 0001:0001f830       ?_GetRangeOfTrysToCheck@@YAPEBU_s_TryBlockMapEntry@@PEA_KPEBU_s_FuncInfo@@HHPEAI2PEAU_xDISPATCHER_CONTEXT@@@Z 0000000180020830 f   libvcruntime:trnsctrl.obj
 0001:0001f95c       ?__FrameUnwindToEmptyState@@YAXPEA_KPEAU_xDISPATCHER_CONTEXT@@PEBU_s_FuncInfo@@@Z 000000018002095c f   libvcruntime:trnsctrl.obj
 0001:0001f9f0       ?__SehTransFilter@@YAHPEAU_EXCEPTION_POINTERS@@PEAUEHExceptionRecord@@PEA_KPEAU_CONTEXT@@PEAU_xDISPATCHER_CONTEXT@@PEBU_s_FuncInfo@@PEAH@Z 00000001800209f0 f   libvcruntime:trnsctrl.obj
 0001:0001fa88       _CallSETranslator          0000000180020a88 f   libvcruntime:trnsctrl.obj
 0001:0001fae0       _CreateFrameInfo           0000000180020ae0 f   libvcruntime:trnsctrl.obj
 0001:0001fb1c       _FindAndUnlinkFrame        0000000180020b1c f   libvcruntime:trnsctrl.obj
 0001:0001fb74       _GetImageBase              0000000180020b74 f   libvcruntime:trnsctrl.obj
 0001:0001fb88       _GetThrowImageBase         0000000180020b88 f   libvcruntime:trnsctrl.obj
 0001:0001fb9c       _IsExceptionObjectToBeDestroyed 0000000180020b9c f   libvcruntime:trnsctrl.obj
 0001:0001fbcc       _SetImageBase              0000000180020bcc f   libvcruntime:trnsctrl.obj
 0001:0001fbe4       _SetThrowImageBase         0000000180020be4 f   libvcruntime:trnsctrl.obj
 0001:0001fbfc       _UnwindNestedFrames        0000000180020bfc f   libvcruntime:trnsctrl.obj
 0001:0001fd20       __CxxFrameHandler3         0000000180020d20 f   libvcruntime:trnsctrl.obj
 0001:0001fdb0       _local_unwind              0000000180020db0 f   libvcruntime:_jmpuwind_.obj
 0001:0001fde0       _NLG_Notify                0000000180020de0 f   libvcruntime:_jmpuwind_.obj
 0001:0001fe00       __NLG_Dispatch2            0000000180020e00 f   libvcruntime:_jmpuwind_.obj
 0001:0001fe10       __NLG_Return2              0000000180020e10 f   libvcruntime:_jmpuwind_.obj
 0001:0001fe14       __vcrt_initialize_locks    0000000180020e14 f   libvcruntime:locks.obj
 0001:0001fe5c       __vcrt_uninitialize_locks  0000000180020e5c f   libvcruntime:locks.obj
 0001:0002005c       __vcrt_FlsAlloc            000000018002105c f   libvcruntime:winapi_downlevel.obj
 0001:000200b0       __vcrt_FlsFree             00000001800210b0 f   libvcruntime:winapi_downlevel.obj
 0001:00020104       __vcrt_FlsGetValue         0000000180021104 f   libvcruntime:winapi_downlevel.obj
 0001:00020158       __vcrt_FlsSetValue         0000000180021158 f   libvcruntime:winapi_downlevel.obj
 0001:000201c0       __vcrt_InitializeCriticalSectionEx 00000001800211c0 f   libvcruntime:winapi_downlevel.obj
 0001:00020238       __vcrt_initialize_winapi_thunks 0000000180021238 f   libvcruntime:winapi_downlevel.obj
 0001:00020284       __vcrt_uninitialize_winapi_thunks 0000000180021284 f   libvcruntime:winapi_downlevel.obj
 0001:000202c4       __vcrt_initialize_pure_virtual_call_handler 00000001800212c4 f   libvcruntime:purevirt_data.obj
 0001:000202e8       __acrt_call_reportfault    00000001800212e8 f   libucrt:invalid_parameter.obj
 0001:00020444       __acrt_initialize_invalid_parameter_handler 0000000180021444 f   libucrt:invalid_parameter.obj
 0001:0002044c       _invalid_parameter         000000018002144c f   libucrt:invalid_parameter.obj
 0001:000204f4       _invalid_parameter_noinfo  00000001800214f4 f   libucrt:invalid_parameter.obj
 0001:00020514       _invalid_parameter_noinfo_noreturn 0000000180021514 f   libucrt:invalid_parameter.obj
 0001:00020544       _invoke_watson             0000000180021544 f   libucrt:invalid_parameter.obj
 0001:0002058c       ??0_LocaleUpdate@@QEAA@QEAU__crt_locale_pointers@@@Z 000000018002158c f i libucrt:stricmp.obj
 0001:0002061c       __ascii_stricmp            000000018002161c f   libucrt:stricmp.obj
 0001:00020658       _stricmp                   0000000180021658 f   libucrt:stricmp.obj
 0001:000206a0       _stricmp_l                 00000001800216a0 f   libucrt:stricmp.obj
 0001:00020754       calloc                     0000000180021754 f   libucrt:calloc.obj
 0001:0002075c       __acrt_initialize_stdio    000000018002175c f   libucrt:_file.obj
 0001:0002087c       __acrt_iob_func            000000018002187c f   libucrt:_file.obj
 0001:00020890       __acrt_uninitialize_stdio  0000000180021890 f   libucrt:_file.obj
 0001:000208ec       _lock_file                 00000001800218ec f   libucrt:_file.obj
 0001:000208f8       _unlock_file               00000001800218f8 f   libucrt:_file.obj
 0001:00020904       realloc                    0000000180021904 f   libucrt:realloc.obj
 0001:0002090c       ??$?RV<lambda_7b91131dde12e1c3dfc74ff76b3f2eac>@@AEAV<lambda_dd75445284c072d0bd3768540cc698fa>@@V<lambda_16bc4ecb55b4718497c16bceaea2ceaf>@@@?$__crt_seh_guarded_call@H@@QEAAH$$QEAV<lambda_7b91131dde12e1c3dfc74ff76b3f2eac>@@AEAV<lambda_dd75445284c072d0bd3768540cc698fa>@@$$QEAV<lambda_16bc4ecb55b4718497c16bceaea2ceaf>@@@Z 000000018002190c f i libucrt:output.obj
 0001:0002094c       ??$ensure_buffer_is_big_enough@D@formatting_buffer@__crt_stdio_output@@QEAA_N_K@Z 000000018002194c f i libucrt:output.obj
 0001:000209f8       ??$is_wide_character_specifier@D@__crt_stdio_output@@YA_N_KDW4length_modifier@0@@Z 00000001800219f8 f i libucrt:output.obj
 0001:00020a28       ??$is_wide_character_specifier@_W@__crt_stdio_output@@YA_N_K_WW4length_modifier@0@@Z 0000000180021a28 f i libucrt:output.obj
 0001:00020a6c       ??$type_case_integer_parse_into_buffer@I@?$output_processor@_WV?$stream_output_adapter@_W@__crt_stdio_output@@V?$standard_base@_WV?$stream_output_adapter@_W@__crt_stdio_output@@@2@@__crt_stdio_output@@AEAAXII_N@Z 0000000180021a6c f i libucrt:output.obj
 0001:00020a6c       ??$type_case_integer_parse_into_buffer@I@?$output_processor@DV?$string_output_adapter@D@__crt_stdio_output@@V?$standard_base@DV?$string_output_adapter@D@__crt_stdio_output@@@2@@__crt_stdio_output@@AEAAXII_N@Z 0000000180021a6c f i libucrt:output.obj
 0001:00020a6c       ??$type_case_integer_parse_into_buffer@I@?$output_processor@_WV?$string_output_adapter@_W@__crt_stdio_output@@V?$standard_base@_WV?$string_output_adapter@_W@__crt_stdio_output@@@2@@__crt_stdio_output@@AEAAXII_N@Z 0000000180021a6c f i libucrt:output.obj
 0001:00020b08       ??$type_case_integer_parse_into_buffer@_K@?$output_processor@DV?$string_output_adapter@D@__crt_stdio_output@@V?$standard_base@DV?$string_output_adapter@D@__crt_stdio_output@@@2@@__crt_stdio_output@@AEAAX_KI_N@Z 0000000180021b08 f i libucrt:output.obj
 0001:00020b08       ??$type_case_integer_parse_into_buffer@_K@?$output_processor@_WV?$stream_output_adapter@_W@__crt_stdio_output@@V?$standard_base@_WV?$stream_output_adapter@_W@__crt_stdio_output@@@2@@__crt_stdio_output@@AEAAX_KI_N@Z 0000000180021b08 f i libucrt:output.obj
 0001:00020b08       ??$type_case_integer_parse_into_buffer@_K@?$output_processor@_WV?$string_output_adapter@_W@__crt_stdio_output@@V?$standard_base@_WV?$string_output_adapter@_W@__crt_stdio_output@@@2@@__crt_stdio_output@@AEAAX_KI_N@Z 0000000180021b08 f i libucrt:output.obj
 0001:00020ba4       ??$write_multiple_characters@V?$stream_output_adapter@_W@__crt_stdio_output@@D@__crt_stdio_output@@YAXAEBV?$stream_output_adapter@_W@0@DHQEAH@Z 0000000180021ba4 f i libucrt:output.obj
 0001:00020c34       ??$write_multiple_characters@V?$string_output_adapter@D@__crt_stdio_output@@D@__crt_stdio_output@@YAXAEBV?$string_output_adapter@D@0@DHQEAH@Z 0000000180021c34 f i libucrt:output.obj
 0001:00020c90       ??$write_multiple_characters@V?$string_output_adapter@_W@__crt_stdio_output@@D@__crt_stdio_output@@YAXAEBV?$string_output_adapter@_W@0@DHQEAH@Z 0000000180021c90 f i libucrt:output.obj
 0001:00020d00       ??0?$output_processor@DV?$string_output_adapter@D@__crt_stdio_output@@V?$standard_base@DV?$string_output_adapter@D@__crt_stdio_output@@@2@@__crt_stdio_output@@QEAA@AEBV?$string_output_adapter@D@1@_KQEBDQEAU__crt_locale_pointers@@QEAD@Z 0000000180021d00 f i libucrt:output.obj
 0001:00020d7c       ??0?$output_processor@_WV?$stream_output_adapter@_W@__crt_stdio_output@@V?$standard_base@_WV?$stream_output_adapter@_W@__crt_stdio_output@@@2@@__crt_stdio_output@@QEAA@AEBV?$stream_output_adapter@_W@1@_KQEB_WQEAU__crt_locale_pointers@@QEAD@Z 0000000180021d7c f i libucrt:output.obj
 0001:00020d7c       ??0?$output_processor@_WV?$string_output_adapter@_W@__crt_stdio_output@@V?$standard_base@_WV?$string_output_adapter@_W@__crt_stdio_output@@@2@@__crt_stdio_output@@QEAA@AEBV?$string_output_adapter@_W@1@_KQEB_WQEAU__crt_locale_pointers@@QEAD@Z 0000000180021d7c f i libucrt:output.obj
 0001:00020eec       ?force_decimal_point@__crt_stdio_output@@YAXPEADQEAU__crt_locale_pointers@@@Z 0000000180021eec f i libucrt:output.obj
 0001:00020f5c       ?parse_int_from_format_string@?$output_processor@DV?$string_output_adapter@D@__crt_stdio_output@@V?$standard_base@DV?$string_output_adapter@D@__crt_stdio_output@@@2@@__crt_stdio_output@@AEAA_NQEAH@Z 0000000180021f5c f i libucrt:output.obj
 0001:00020fe0       ?parse_int_from_format_string@?$output_processor@_WV?$stream_output_adapter@_W@__crt_stdio_output@@V?$standard_base@_WV?$stream_output_adapter@_W@__crt_stdio_output@@@2@@__crt_stdio_output@@AEAA_NQEAH@Z 0000000180021fe0 f i libucrt:output.obj
 0001:00020fe0       ?parse_int_from_format_string@?$output_processor@_WV?$string_output_adapter@_W@__crt_stdio_output@@V?$standard_base@_WV?$string_output_adapter@_W@__crt_stdio_output@@@2@@__crt_stdio_output@@AEAA_NQEAH@Z 0000000180021fe0 f i libucrt:output.obj
 0001:00021060       ?process@?$output_processor@DV?$string_output_adapter@D@__crt_stdio_output@@V?$standard_base@DV?$string_output_adapter@D@__crt_stdio_output@@@2@@__crt_stdio_output@@QEAAHXZ 0000000180022060 f i libucrt:output.obj
 0001:00021264       ?process@?$output_processor@_WV?$stream_output_adapter@_W@__crt_stdio_output@@V?$standard_base@_WV?$stream_output_adapter@_W@__crt_stdio_output@@@2@@__crt_stdio_output@@QEAAHXZ 0000000180022264 f i libucrt:output.obj
 0001:000214dc       ?process@?$output_processor@_WV?$string_output_adapter@_W@__crt_stdio_output@@V?$standard_base@_WV?$string_output_adapter@_W@__crt_stdio_output@@@2@@__crt_stdio_output@@QEAAHXZ 00000001800224dc f i libucrt:output.obj
 0001:00021758       ?state_case_normal@?$output_processor@DV?$string_output_adapter@D@__crt_stdio_output@@V?$standard_base@DV?$string_output_adapter@D@__crt_stdio_output@@@2@@__crt_stdio_output@@AEAA_NXZ 0000000180022758 f i libucrt:output.obj
 0001:000217cc       ?state_case_normal_tchar@?$output_processor@DV?$string_output_adapter@D@__crt_stdio_output@@V?$standard_base@DV?$string_output_adapter@D@__crt_stdio_output@@@2@@__crt_stdio_output@@AEAA_ND@Z 00000001800227cc f i libucrt:output.obj
 0001:00021864       ?state_case_size@?$output_processor@DV?$string_output_adapter@D@__crt_stdio_output@@V?$standard_base@DV?$string_output_adapter@D@__crt_stdio_output@@@2@@__crt_stdio_output@@AEAA_NXZ 0000000180022864 f i libucrt:output.obj
 0001:000219e0       ?state_case_size@?$output_processor@_WV?$stream_output_adapter@_W@__crt_stdio_output@@V?$standard_base@_WV?$stream_output_adapter@_W@__crt_stdio_output@@@2@@__crt_stdio_output@@AEAA_NXZ 00000001800229e0 f i libucrt:output.obj
 0001:00021b84       ?state_case_size@?$output_processor@_WV?$string_output_adapter@_W@__crt_stdio_output@@V?$standard_base@_WV?$string_output_adapter@_W@__crt_stdio_output@@@2@@__crt_stdio_output@@AEAA_NXZ 0000000180022b84 f i libucrt:output.obj
 0001:00021d28       ?state_case_type@?$output_processor@DV?$string_output_adapter@D@__crt_stdio_output@@V?$standard_base@DV?$string_output_adapter@D@__crt_stdio_output@@@2@@__crt_stdio_output@@AEAA_NXZ 0000000180022d28 f i libucrt:output.obj
 0001:00021fa4       ?state_case_type@?$output_processor@_WV?$stream_output_adapter@_W@__crt_stdio_output@@V?$standard_base@_WV?$stream_output_adapter@_W@__crt_stdio_output@@@2@@__crt_stdio_output@@AEAA_NXZ 0000000180022fa4 f i libucrt:output.obj
 0001:00022270       ?state_case_type@?$output_processor@_WV?$string_output_adapter@_W@__crt_stdio_output@@V?$standard_base@_WV?$string_output_adapter@_W@__crt_stdio_output@@@2@@__crt_stdio_output@@AEAA_NXZ 0000000180023270 f i libucrt:output.obj
 0001:0002253c       ?type_case_Z@?$output_processor@DV?$string_output_adapter@D@__crt_stdio_output@@V?$standard_base@DV?$string_output_adapter@D@__crt_stdio_output@@@2@@__crt_stdio_output@@AEAA_NXZ 000000018002353c f i libucrt:output.obj
 0001:000225bc       ?type_case_Z@?$output_processor@_WV?$string_output_adapter@_W@__crt_stdio_output@@V?$standard_base@_WV?$string_output_adapter@_W@__crt_stdio_output@@@2@@__crt_stdio_output@@AEAA_NXZ 00000001800235bc f i libucrt:output.obj
 0001:000225bc       ?type_case_Z@?$output_processor@_WV?$stream_output_adapter@_W@__crt_stdio_output@@V?$standard_base@_WV?$stream_output_adapter@_W@__crt_stdio_output@@@2@@__crt_stdio_output@@AEAA_NXZ 00000001800235bc f i libucrt:output.obj
 0001:0002263c       ?type_case_a@?$output_processor@DV?$string_output_adapter@D@__crt_stdio_output@@V?$standard_base@DV?$string_output_adapter@D@__crt_stdio_output@@@2@@__crt_stdio_output@@AEAA_NXZ 000000018002363c f i libucrt:output.obj
 0001:00022858       ?type_case_a@?$output_processor@_WV?$stream_output_adapter@_W@__crt_stdio_output@@V?$standard_base@_WV?$stream_output_adapter@_W@__crt_stdio_output@@@2@@__crt_stdio_output@@AEAA_NXZ 0000000180023858 f i libucrt:output.obj
 0001:00022858       ?type_case_a@?$output_processor@_WV?$string_output_adapter@_W@__crt_stdio_output@@V?$standard_base@_WV?$string_output_adapter@_W@__crt_stdio_output@@@2@@__crt_stdio_output@@AEAA_NXZ 0000000180023858 f i libucrt:output.obj
 0001:00022a9c       ?type_case_c_tchar@?$output_processor@DV?$string_output_adapter@D@__crt_stdio_output@@V?$standard_base@DV?$string_output_adapter@D@__crt_stdio_output@@@2@@__crt_stdio_output@@AEAA_ND@Z 0000000180023a9c f i libucrt:output.obj
 0001:00022b50       ?type_case_c_tchar@?$output_processor@_WV?$stream_output_adapter@_W@__crt_stdio_output@@V?$standard_base@_WV?$stream_output_adapter@_W@__crt_stdio_output@@@2@@__crt_stdio_output@@AEAA_N_W@Z 0000000180023b50 f i libucrt:output.obj
 0001:00022b50       ?type_case_c_tchar@?$output_processor@_WV?$string_output_adapter@_W@__crt_stdio_output@@V?$standard_base@_WV?$string_output_adapter@_W@__crt_stdio_output@@@2@@__crt_stdio_output@@AEAA_N_W@Z 0000000180023b50 f i libucrt:output.obj
 0001:00022bf8       ?type_case_integer@?$output_processor@_WV?$stream_output_adapter@_W@__crt_stdio_output@@V?$standard_base@_WV?$stream_output_adapter@_W@__crt_stdio_output@@@2@@__crt_stdio_output@@AEAA_NI_N@Z 0000000180023bf8 f i libucrt:output.obj
 0001:00022bf8       ?type_case_integer@?$output_processor@DV?$string_output_adapter@D@__crt_stdio_output@@V?$standard_base@DV?$string_output_adapter@D@__crt_stdio_output@@@2@@__crt_stdio_output@@AEAA_NI_N@Z 0000000180023bf8 f i libucrt:output.obj
 0001:00022bf8       ?type_case_integer@?$output_processor@_WV?$string_output_adapter@_W@__crt_stdio_output@@V?$standard_base@_WV?$string_output_adapter@_W@__crt_stdio_output@@@2@@__crt_stdio_output@@AEAA_NI_N@Z 0000000180023bf8 f i libucrt:output.obj
 0001:00022d98       ?type_case_n@?$output_processor@DV?$string_output_adapter@D@__crt_stdio_output@@V?$standard_base@DV?$string_output_adapter@D@__crt_stdio_output@@@2@@__crt_stdio_output@@AEAA_NXZ 0000000180023d98 f i libucrt:output.obj
 0001:00022d98       ?type_case_n@?$output_processor@_WV?$stream_output_adapter@_W@__crt_stdio_output@@V?$standard_base@_WV?$stream_output_adapter@_W@__crt_stdio_output@@@2@@__crt_stdio_output@@AEAA_NXZ 0000000180023d98 f i libucrt:output.obj
 0001:00022d98       ?type_case_n@?$output_processor@_WV?$string_output_adapter@_W@__crt_stdio_output@@V?$standard_base@_WV?$string_output_adapter@_W@__crt_stdio_output@@@2@@__crt_stdio_output@@AEAA_NXZ 0000000180023d98 f i libucrt:output.obj
 0001:00022e74       ?type_case_s@?$output_processor@DV?$string_output_adapter@D@__crt_stdio_output@@V?$standard_base@DV?$string_output_adapter@D@__crt_stdio_output@@@2@@__crt_stdio_output@@AEAA_NXZ 0000000180023e74 f i libucrt:output.obj
 0001:00022f04       ?type_case_s@?$output_processor@_WV?$string_output_adapter@_W@__crt_stdio_output@@V?$standard_base@_WV?$string_output_adapter@_W@__crt_stdio_output@@@2@@__crt_stdio_output@@AEAA_NXZ 0000000180023f04 f i libucrt:output.obj
 0001:00022f04       ?type_case_s@?$output_processor@_WV?$stream_output_adapter@_W@__crt_stdio_output@@V?$standard_base@_WV?$stream_output_adapter@_W@__crt_stdio_output@@@2@@__crt_stdio_output@@AEAA_NXZ 0000000180023f04 f i libucrt:output.obj
 0001:00022fcc       ?write_stored_string_tchar@?$output_processor@DV?$string_output_adapter@D@__crt_stdio_output@@V?$standard_base@DV?$string_output_adapter@D@__crt_stdio_output@@@2@@__crt_stdio_output@@AEAA_ND@Z 0000000180023fcc f i libucrt:output.obj
 0001:000230a4       ?write_stored_string_tchar@?$output_processor@_WV?$stream_output_adapter@_W@__crt_stdio_output@@V?$standard_base@_WV?$stream_output_adapter@_W@__crt_stdio_output@@@2@@__crt_stdio_output@@AEAA_N_W@Z 00000001800240a4 f i libucrt:output.obj
 0001:00023190       ?write_stored_string_tchar@?$output_processor@_WV?$string_output_adapter@_W@__crt_stdio_output@@V?$standard_base@_WV?$string_output_adapter@_W@__crt_stdio_output@@@2@@__crt_stdio_output@@AEAA_N_W@Z 0000000180024190 f i libucrt:output.obj
 0001:00023280       ?write_string@?$stream_output_adapter@_W@__crt_stdio_output@@QEBAXQEB_WHQEAH1@Z 0000000180024280 f i libucrt:output.obj
 0001:0002338c       ?write_string@?$string_output_adapter@D@__crt_stdio_output@@QEBAXQEBDHQEAH1@Z 000000018002438c f i libucrt:output.obj
 0001:00023448       ?write_string@?$string_output_adapter@_W@__crt_stdio_output@@QEBAXQEB_WHQEAH1@Z 0000000180024448 f i libucrt:output.obj
 0001:00023508       __stdio_common_vfwprintf   0000000180024508 f   libucrt:output.obj
 0001:00023594       __stdio_common_vsprintf    0000000180024594 f   libucrt:output.obj
 0001:000237c8       __stdio_common_vswprintf   00000001800247c8 f   libucrt:output.obj
 0001:00023a00       ??$?RV<lambda_a81aa23bb2c9577c1e55b9d0b57d9de4>@@AEAV<lambda_9a20e10065b92b5193c3597a66cba9d4>@@V<lambda_cb3a421ff86d8a5f008440ee6b28fa9c>@@@?$__crt_seh_guarded_call@H@@QEAAH$$QEAV<lambda_a81aa23bb2c9577c1e55b9d0b57d9de4>@@AEAV<lambda_9a20e10065b92b5193c3597a66cba9d4>@@$$QEAV<lambda_cb3a421ff86d8a5f008440ee6b28fa9c>@@@Z 0000000180024a00 f i libucrt:fputs.obj
 0001:00023aac       fputs                      0000000180024aac f   libucrt:fputs.obj
 0001:00023bac       free                       0000000180024bac f   libucrt:free.obj
 0001:00023bb4       ??$is_overflow_condition@K@__crt_strtox@@YA_NIK@Z 0000000180024bb4 f i libucrt:atox.obj
 0001:00023be0       ??$is_overflow_condition@_K@__crt_strtox@@YA_NI_K@Z 0000000180024be0 f i libucrt:atox.obj
 0001:00023c18       ??$parse_integer@KV?$c_string_character_source@D@__crt_strtox@@@__crt_strtox@@YAKQEAU__crt_locale_pointers@@V?$c_string_character_source@D@0@H_N@Z 0000000180024c18 f i libucrt:atox.obj
 0001:00023f2c       ??$parse_integer@KV?$c_string_character_source@_W@__crt_strtox@@@__crt_strtox@@YAKQEAU__crt_locale_pointers@@V?$c_string_character_source@_W@0@H_N@Z 0000000180024f2c f i libucrt:atox.obj
 0001:00024600       ??$parse_integer@_KV?$c_string_character_source@D@__crt_strtox@@@__crt_strtox@@YA_KQEAU__crt_locale_pointers@@V?$c_string_character_source@D@0@H_N@Z 0000000180025600 f i libucrt:atox.obj
 0001:00024934       atoi                       0000000180025934 f   libucrt:atox.obj
 0001:00024a54       getenv                     0000000180025a54 f   libucrt:getenv.obj
 0001:00024a5c       malloc                     0000000180025a5c f   libucrt:malloc.obj
 0001:00024a64       __acrt_errno_from_os_error 0000000180025a64 f   libucrt:errno.obj
 0001:00024aac       __acrt_errno_map_os_error  0000000180025aac f   libucrt:errno.obj
 0001:00024afc       __doserrno                 0000000180025afc f   libucrt:errno.obj
 0001:00024b1c       _errno                     0000000180025b1c f   libucrt:errno.obj
 0001:00025524       ??$ftprintf@PEAU_iobuf@@PEB_WAEBQEB_WAEBQEB_WAEBI@?$__crt_char_traits@_W@@SAH$$QEAPEAU_iobuf@@$$QEAPEB_WAEBQEB_W2AEBI@Z 0000000180026524 f i libucrt:assert.obj
 0001:0002554c       _wassert                   000000018002654c f   libucrt:assert.obj
 0001:000255d0       fwprintf                   00000001800265d0 f i libucrt:assert.obj
 0001:00025614       swprintf                   0000000180026614 f i libucrt:assert.obj
 0001:00025668       strtok                     0000000180026668 f   libucrt:strtok.obj
 0001:00025738       _tolower_l                 0000000180026738 f   libucrt:tolower_toupper.obj
 0001:00025878       _toupper_l                 0000000180026878 f   libucrt:tolower_toupper.obj
 0001:000259b8       tolower                    00000001800269b8 f   libucrt:tolower_toupper.obj
 0001:000259e4       toupper                    00000001800269e4 f   libucrt:tolower_toupper.obj
 0001:00025b5c       _beginthreadex             0000000180026b5c f   libucrt:thread.obj
 0001:00025c30       _endthreadex               0000000180026c30 f   libucrt:thread.obj
 0001:00025c3c       _strdup                    0000000180026c3c f   libucrt:strdup.obj
 0001:00025cd0       strncmp                    0000000180026cd0 f   libucrt:strncmp.obj
 0001:00025d60       strncat                    0000000180026d60 f   libucrt:strncat.obj
 0001:00025ef8       ??$make_input_adapter_character_source@V?$string_input_adapter@D@__crt_stdio_input@@@__crt_strtox@@YA?AV?$input_adapter_character_source@V?$string_input_adapter@D@__crt_stdio_input@@@0@QEAV?$string_input_adapter@D@__crt_stdio_input@@_KQEA_N@Z 0000000180026ef8 f i libucrt:input.obj
 0001:00025f18       ??$parse_floating_point@V?$input_adapter_character_source@V?$string_input_adapter@D@__crt_stdio_input@@@__crt_strtox@@M@__crt_strtox@@YA?AW4SLD_STATUS@@QEAU__crt_locale_pointers@@V?$input_adapter_character_source@V?$string_input_adapter@D@__crt_stdio_input@@@0@QEAM@Z 0000000180026f18 f i libucrt:input.obj
 0001:00025fc0       ??$parse_floating_point@V?$input_adapter_character_source@V?$string_input_adapter@D@__crt_stdio_input@@@__crt_strtox@@N@__crt_strtox@@YA?AW4SLD_STATUS@@QEAU__crt_locale_pointers@@V?$input_adapter_character_source@V?$string_input_adapter@D@__crt_stdio_input@@@0@QEAN@Z 0000000180026fc0 f i libucrt:input.obj
 0001:00026068       ??$parse_floating_point_from_source@V?$input_adapter_character_source@V?$string_input_adapter@D@__crt_stdio_input@@@__crt_strtox@@@__crt_strtox@@YA?AW4floating_point_parse_result@0@QEAU__crt_locale_pointers@@AEAV?$input_adapter_character_source@V?$string_input_adapter@D@__crt_stdio_input@@@0@AEAUfloating_point_string@0@@Z 0000000180027068 f i libucrt:input.obj
 0001:00026848       ??$parse_floating_point_possible_infinity@DV?$input_adapter_character_source@V?$string_input_adapter@D@__crt_stdio_input@@@__crt_strtox@@_K@__crt_strtox@@YA?AW4floating_point_parse_result@0@AEADAEAV?$input_adapter_character_source@V?$string_input_adapter@D@__crt_stdio_input@@@0@_K@Z 0000000180027848 f i libucrt:input.obj
 0001:000269f8       ??$parse_floating_point_possible_nan@DV?$input_adapter_character_source@V?$string_input_adapter@D@__crt_stdio_input@@@__crt_strtox@@_K@__crt_strtox@@YA?AW4floating_point_parse_result@0@AEADAEAV?$input_adapter_character_source@V?$string_input_adapter@D@__crt_stdio_input@@@0@_K@Z 00000001800279f8 f i libucrt:input.obj
 0001:00026c68       ??$parse_floating_point_possible_nan_is_ind@DV?$input_adapter_character_source@V?$string_input_adapter@D@__crt_stdio_input@@@__crt_strtox@@@__crt_strtox@@YA_NAEADAEAV?$input_adapter_character_source@V?$string_input_adapter@D@__crt_stdio_input@@@0@@Z 0000000180027c68 f i libucrt:input.obj
 0001:00026ce0       ??$parse_floating_point_possible_nan_is_snan@DV?$input_adapter_character_source@V?$string_input_adapter@D@__crt_stdio_input@@@__crt_strtox@@@__crt_strtox@@YA_NAEADAEAV?$input_adapter_character_source@V?$string_input_adapter@D@__crt_stdio_input@@@0@@Z 0000000180027ce0 f i libucrt:input.obj
 0001:00026d58       ??$parse_floating_point_write_result@M@__crt_strtox@@YA?AW4SLD_STATUS@@W4floating_point_parse_result@0@AEBUfloating_point_string@0@QEAM@Z 0000000180027d58 f i libucrt:input.obj
 0001:00026e70       ??$parse_floating_point_write_result@N@__crt_strtox@@YA?AW4SLD_STATUS@@W4floating_point_parse_result@0@AEBUfloating_point_string@0@QEAN@Z 0000000180027e70 f i libucrt:input.obj
 0001:00026f98       ??$parse_integer@_KV?$input_adapter_character_source@V?$string_input_adapter@D@__crt_stdio_input@@@__crt_strtox@@@__crt_strtox@@YA_KQEAU__crt_locale_pointers@@V?$input_adapter_character_source@V?$string_input_adapter@D@__crt_stdio_input@@@0@H_N@Z 0000000180027f98 f i libucrt:input.obj
 0001:0002742c       ??$process_floating_point_specifier_t@M@?$input_processor@DV?$string_input_adapter@D@__crt_stdio_input@@@__crt_stdio_input@@AEAA_NXZ 000000018002842c f i libucrt:input.obj
 0001:000274d4       ??$process_floating_point_specifier_t@N@?$input_processor@DV?$string_input_adapter@D@__crt_stdio_input@@@__crt_stdio_input@@AEAA_NXZ 00000001800284d4 f i libucrt:input.obj
 0001:0002757c       ??$process_string_specifier_tchar@D@?$input_processor@DV?$string_input_adapter@D@__crt_stdio_input@@@__crt_stdio_input@@AEAA_NW4conversion_mode@1@D@Z 000000018002857c f i libucrt:input.obj
 0001:00027744       ??$process_string_specifier_tchar@_W@?$input_processor@DV?$string_input_adapter@D@__crt_stdio_input@@@__crt_stdio_input@@AEAA_NW4conversion_mode@1@_W@Z 0000000180028744 f i libucrt:input.obj
 0001:00027944       ??$skip_whitespace@Vstring_input_adapter@__crt_stdio_input@@D@__crt_stdio_input@@YAHAEAV?$string_input_adapter@D@0@QEAU__crt_locale_pointers@@@Z 0000000180028944 f i libucrt:input.obj
 0001:00027a34       ?advance@?$format_string_parser@D@__crt_stdio_input@@QEAA_NXZ 0000000180028a34 f i libucrt:input.obj
 0001:00027c04       ?as_double@floating_point_value@__crt_strtox@@QEBAAEANXZ 0000000180028c04 f i libucrt:input.obj
 0001:00027c40       ?as_float@floating_point_value@__crt_strtox@@QEBAAEAMXZ 0000000180028c40 f i libucrt:input.obj
 0001:00027c7c       ?assemble_floating_point_value@__crt_strtox@@YA?AW4SLD_STATUS@@_KH_N1AEBVfloating_point_value@1@@Z 0000000180028c7c f i libucrt:input.obj
 0001:00028030       ?assemble_floating_point_value_from_big_integer@__crt_strtox@@YA?AW4SLD_STATUS@@AEBUbig_integer@1@I_N1AEBVfloating_point_value@1@@Z 0000000180029030 f i libucrt:input.obj
 0001:000281bc       ?convert_decimal_string_to_floating_type_common@__crt_strtox@@YA?AW4SLD_STATUS@@AEBUfloating_point_string@1@AEBVfloating_point_value@1@@Z 00000001800291bc f i libucrt:input.obj
 0001:00029f80       ?convert_hexadecimal_string_to_floating_type_common@__crt_strtox@@YA?AW4SLD_STATUS@@AEBUfloating_point_string@1@AEBVfloating_point_value@1@@Z 000000018002af80 f i libucrt:input.obj
 0001:0002a030       ?divide@__crt_strtox@@YA_KAEAUbig_integer@1@AEBU21@@Z 000000018002b030 f i libucrt:input.obj
 0001:0002a500       ?length@?$format_string_parser@D@__crt_stdio_input@@QEBA_KXZ 000000018002b500 f i libucrt:input.obj
 0001:0002a59c       ?process@?$input_processor@DV?$string_input_adapter@D@__crt_stdio_input@@@__crt_stdio_input@@QEAAHXZ 000000018002b59c f i libucrt:input.obj
 0001:0002a68c       ?process_conversion_specifier@?$input_processor@DV?$string_input_adapter@D@__crt_stdio_input@@@__crt_stdio_input@@AEAA_NXZ 000000018002b68c f i libucrt:input.obj
 0001:0002a7b0       ?process_floating_point_specifier@?$input_processor@DV?$string_input_adapter@D@__crt_stdio_input@@@__crt_stdio_input@@AEAA_NXZ 000000018002b7b0 f i libucrt:input.obj
 0001:0002a820       ?process_integer_specifier@?$input_processor@DV?$string_input_adapter@D@__crt_stdio_input@@@__crt_stdio_input@@AEAA_NI_N@Z 000000018002b820 f i libucrt:input.obj
 0001:0002a8d0       ?process_literal_character_tchar@?$input_processor@DV?$string_input_adapter@D@__crt_stdio_input@@@__crt_stdio_input@@AEAA_ND@Z 000000018002b8d0 f i libucrt:input.obj
 0001:0002a95c       ?process_state@?$input_processor@DV?$string_input_adapter@D@__crt_stdio_input@@@__crt_stdio_input@@AEAA_NXZ 000000018002b95c f i libucrt:input.obj
 0001:0002aa10       ?process_string_specifier@?$input_processor@DV?$string_input_adapter@D@__crt_stdio_input@@@__crt_stdio_input@@AEAA_NW4conversion_mode@2@@Z 000000018002ba10 f i libucrt:input.obj
 0001:0002aa9c       ?scan_conversion_specifier@?$format_string_parser@D@__crt_stdio_input@@AEAA_NXZ 000000018002ba9c f i libucrt:input.obj
 0001:0002ac58       ?scan_optional_field_width@?$format_string_parser@D@__crt_stdio_input@@AEAA_NXZ 000000018002bc58 f i libucrt:input.obj
 0001:0002ad00       ?scan_optional_length_modifier@?$format_string_parser@D@__crt_stdio_input@@AEAAXXZ 000000018002bd00 f i libucrt:input.obj
 0001:0002ae2c       ?scan_scanset_range@?$format_string_parser@D@__crt_stdio_input@@AEAA_NXZ 000000018002be2c f i libucrt:input.obj
 0001:0002afc0       ?write_character@?$input_processor@DV?$string_input_adapter@D@__crt_stdio_input@@@__crt_stdio_input@@AEAA_NQEFA_W_KAEAPEFA_WAEA_KD@Z 000000018002bfc0 f i libucrt:input.obj
 0001:0002b05c       ?write_integer@?$input_processor@DV?$string_input_adapter@D@__crt_stdio_input@@@__crt_stdio_input@@AEAA_N_K_N@Z 000000018002c05c f i libucrt:input.obj
 0001:0002b0e0       __stdio_common_vsscanf     000000018002c0e0 f   libucrt:input.obj
 0001:0002b228       __acrt_initialize_new_handler 000000018002c228 f   libucrt:new_handler.obj
 0001:0002b230       _callnewh                  000000018002c230 f   libucrt:new_handler.obj
 0001:0002b270       _query_new_handler         000000018002c270 f   libucrt:new_handler.obj
 0001:0002b2a4       _seh_filter_dll            000000018002c2a4 f   libucrt:exception_filter.obj
 0001:0002b2b8       _seh_filter_exe            000000018002c2b8 f   libucrt:exception_filter.obj
 0001:0002b678       __acrt_initialize_thread_local_exit_callback 000000018002c678 f   libucrt:exit.obj
 0001:0002b680       _cexit                     000000018002c680 f   libucrt:exit.obj
 0001:0002b690       _exit                      000000018002c690 f   libucrt:exit.obj
 0001:0002b69c       _is_c_termination_complete 000000018002c69c f   libucrt:exit.obj
 0001:0002b860       __acrt_allocate_buffer_for_argv 000000018002c860 f   libucrt:argv_parsing.obj
 0001:0002b8c4       _configure_narrow_argv     000000018002c8c4 f   libucrt:argv_parsing.obj
 0001:0002bd3c       __dcrt_get_or_create_narrow_environment_nolock 000000018002cd3c f   libucrt:environment_initialization.obj
 0001:0002bd44       __dcrt_uninitialize_environments_nolock 000000018002cd44 f   libucrt:environment_initialization.obj
 0001:0002bd7c       _initialize_narrow_environment 000000018002cd7c f   libucrt:environment_initialization.obj
 0001:0002bd84       ??$?RV<lambda_b8c45f8f788dd370798f47cfe8ac3a86>@@AEAV<lambda_4e60a939b0d047cfe11ddc22648dfba9>@@V<lambda_332c3edc96d0294ec56c57d38c1cdfd5>@@@?$__crt_seh_guarded_call@H@@QEAAH$$QEAV<lambda_b8c45f8f788dd370798f47cfe8ac3a86>@@AEAV<lambda_4e60a939b0d047cfe11ddc22648dfba9>@@$$QEAV<lambda_332c3edc96d0294ec56c57d38c1cdfd5>@@@Z 000000018002cd84 f i libucrt:onexit.obj
 0001:0002bdc0       ??$?RV<lambda_e24bbb7b643b32fcea6fa61b31d4c984>@@AEAV<lambda_275893d493268fdec8709772e3fcec0e>@@V<lambda_9d71df4d7cf3f480f8d633942495c3b0>@@@?$__crt_seh_guarded_call@H@@QEAAH$$QEAV<lambda_e24bbb7b643b32fcea6fa61b31d4c984>@@AEAV<lambda_275893d493268fdec8709772e3fcec0e>@@$$QEAV<lambda_9d71df4d7cf3f480f8d633942495c3b0>@@@Z 000000018002cdc0 f i libucrt:onexit.obj
 0001:0002c13c       _crt_atexit                000000018002d13c f   libucrt:onexit.obj
 0001:0002c14c       _execute_onexit_table      000000018002d14c f   libucrt:onexit.obj
 0001:0002c188       _initialize_onexit_table   000000018002d188 f   libucrt:onexit.obj
 0001:0002c1c8       _register_onexit_function  000000018002d1c8 f   libucrt:onexit.obj
 0001:0002c258       __acrt_uninitialize_command_line 000000018002d258 f   libucrt:argv_data.obj
 0001:0002c348       __acrt_initialize          000000018002d348 f   libucrt:initialization.obj
 0001:0002c35c       __acrt_thread_attach       000000018002d35c f   libucrt:initialization.obj
 0001:0002c370       __acrt_thread_detach       000000018002d370 f   libucrt:initialization.obj
 0001:0002c380       __acrt_uninitialize        000000018002d380 f   libucrt:initialization.obj
 0001:0002c394       __acrt_uninitialize_critical 000000018002d394 f   libucrt:initialization.obj
 0001:0002c3a4       _initterm                  000000018002d3a4 f   libucrt:initterm.obj
 0001:0002c41c       _initterm_e                000000018002d41c f   libucrt:initterm.obj
 0001:0002c468       terminate                  000000018002d468 f   libucrt:terminate.obj
 0001:0002c490       strcpy_s                   000000018002d490 f   libucrt:strcpy_s.obj
 0001:0002c4f0       _free_base                 000000018002d4f0 f   libucrt:free_base.obj
 0001:0002c530       _malloc_base               000000018002d530 f   libucrt:malloc_base.obj
 0001:0002c590       abort                      000000018002d590 f   libucrt:abort.obj
 0001:0002c5e8       _calloc_base               000000018002d5e8 f   libucrt:calloc_base.obj
 0001:0002c660       ??$?RV<lambda_46352004c1216016012b18bd6f87e700>@@AEAV<lambda_3bd07e1a1191394380780325891bf33f>@@V<lambda_334532d3f185bcaa59b5be82d7d22bff>@@@?$__crt_seh_guarded_call@X@@QEAAX$$QEAV<lambda_46352004c1216016012b18bd6f87e700>@@AEAV<lambda_3bd07e1a1191394380780325891bf33f>@@$$QEAV<lambda_334532d3f185bcaa59b5be82d7d22bff>@@@Z 000000018002d660 f i libucrt:per_thread_data.obj
 0001:0002c6c0       ??$?RV<lambda_5e887d1dcbef67a5eb4283622ba103bf>@@AEAV<lambda_4466841279450cc726390878d4a41900>@@V<lambda_341c25c0346d94847f1f3c463c57e077>@@@?$__crt_seh_guarded_call@X@@QEAAX$$QEAV<lambda_5e887d1dcbef67a5eb4283622ba103bf>@@AEAV<lambda_4466841279450cc726390878d4a41900>@@$$QEAV<lambda_341c25c0346d94847f1f3c463c57e077>@@@Z 000000018002d6c0 f i libucrt:per_thread_data.obj
 0001:0002c708       ??$?RV<lambda_72d1df2b273a38828b1ce30cbf4cdab5>@@AEAV<lambda_876a65b173b8412d3a47c70a915b0cf4>@@V<lambda_41932305e351933ebe8f8be3ed8bb5dc>@@@?$__crt_seh_guarded_call@X@@QEAAX$$QEAV<lambda_72d1df2b273a38828b1ce30cbf4cdab5>@@AEAV<lambda_876a65b173b8412d3a47c70a915b0cf4>@@$$QEAV<lambda_41932305e351933ebe8f8be3ed8bb5dc>@@@Z 000000018002d708 f i libucrt:per_thread_data.obj
 0001:0002c748       ??$?RV<lambda_fb3a7dec4e47f37f22dae91bb15c9095>@@AEAV<lambda_698284760c8add0bfb0756c19673e34b>@@V<lambda_dfb8eca1e75fef3034a8fb18dd509707>@@@?$__crt_seh_guarded_call@X@@QEAAX$$QEAV<lambda_fb3a7dec4e47f37f22dae91bb15c9095>@@AEAV<lambda_698284760c8add0bfb0756c19673e34b>@@$$QEAV<lambda_dfb8eca1e75fef3034a8fb18dd509707>@@@Z 000000018002d748 f i libucrt:per_thread_data.obj
 0001:0002c9d8       __acrt_freeptd             000000018002d9d8 f   libucrt:per_thread_data.obj
 0001:0002ca1c       __acrt_getptd              000000018002da1c f   libucrt:per_thread_data.obj
 0001:0002cab0       __acrt_getptd_noexit       000000018002dab0 f   libucrt:per_thread_data.obj
 0001:0002cb50       __acrt_initialize_ptd      000000018002db50 f   libucrt:per_thread_data.obj
 0001:0002cb8c       __acrt_uninitialize_ptd    000000018002db8c f   libucrt:per_thread_data.obj
 0001:0002cbb0       __acrt_update_locale_info  000000018002dbb0 f   libucrt:locale_update.obj
 0001:0002cbe4       __acrt_update_multibyte_info 000000018002dbe4 f   libucrt:locale_update.obj
 0001:0002cc18       __acrt_set_locale_changed  000000018002dc18 f   libucrt:wsetlocale.obj
 0001:0002cc24       __acrt_uninitialize_locale 000000018002dc24 f   libucrt:wsetlocale.obj
 0001:0002ce0c       __acrt_CompareStringEx     000000018002de0c f   libucrt:winapi_thunks.obj
 0001:0002cefc       __acrt_FlsAlloc            000000018002defc f   libucrt:winapi_thunks.obj
 0001:0002cf54       __acrt_FlsFree             000000018002df54 f   libucrt:winapi_thunks.obj
 0001:0002cfac       __acrt_FlsGetValue         000000018002dfac f   libucrt:winapi_thunks.obj
 0001:0002d004       __acrt_FlsSetValue         000000018002e004 f   libucrt:winapi_thunks.obj
 0001:0002d06c       __acrt_InitializeCriticalSectionEx 000000018002e06c f   libucrt:winapi_thunks.obj
 0001:0002d0e4       __acrt_LCMapStringEx       000000018002e0e4 f   libucrt:winapi_thunks.obj
 0001:0002d1d4       __acrt_LocaleNameToLCID    000000018002e1d4 f   libucrt:winapi_thunks.obj
 0001:0002d23c       __acrt_MessageBoxW         000000018002e23c f   libucrt:winapi_thunks.obj
 0001:0002d2c4       __acrt_RoInitialize        000000018002e2c4 f   libucrt:winapi_thunks.obj
 0001:0002d310       __acrt_RoUninitialize      000000018002e310 f   libucrt:winapi_thunks.obj
 0001:0002d350       __acrt_can_show_message_box 000000018002e350 f   libucrt:winapi_thunks.obj
 0001:0002d3ac       __acrt_get_parent_window   000000018002e3ac f   libucrt:winapi_thunks.obj
 0001:0002d43c       __acrt_initialize_winapi_thunks 000000018002e43c f   libucrt:winapi_thunks.obj
 0001:0002d474       __acrt_is_interactive      000000018002e474 f   libucrt:winapi_thunks.obj
 0001:0002d548       __acrt_is_packaged_app     000000018002e548 f   libucrt:winapi_thunks.obj
 0001:0002d5d0       __acrt_uninitialize_winapi_thunks 000000018002e5d0 f   libucrt:winapi_thunks.obj
 0001:0002d614       _fcloseall                 000000018002e614 f   libucrt:closeall.obj
 0001:0002d6c8       __acrt_stdio_flush_nolock  000000018002e6c8 f   libucrt:fflush.obj
 0001:0002d740       _fflush_nolock             000000018002e740 f   libucrt:fflush.obj
 0001:0002d78c       _flushall                  000000018002e78c f   libucrt:fflush.obj
 0001:0002d87c       fflush                     000000018002e87c f   libucrt:fflush.obj
 0001:0002d8c0       __acrt_stdio_free_buffer_nolock 000000018002e8c0 f   libucrt:_freebuf.obj
 0001:0002dae8       __acrt_initialize_lowio    000000018002eae8 f   libucrt:ioinit.obj
 0001:0002db24       __acrt_uninitialize_lowio  000000018002eb24 f   libucrt:ioinit.obj
 0001:0002db64       _realloc_base              000000018002eb64 f   libucrt:realloc_base.obj
 0001:0002dbe8       isdigit                    000000018002ebe8 f i libucrt:_ctype.obj
 0001:0002dc5c       isspace                    000000018002ec5c f i libucrt:_ctype.obj
 0001:0002dcd0       ??$make_c_string_character_source@_WPEAPEA_W@__crt_strtox@@YA?AV?$c_string_character_source@_W@0@QEB_WQEAPEA_W@Z 000000018002ecd0 f i libucrt:strtox.obj
 0001:0002dcd0       ??$make_c_string_character_source@DPEAPEAD@__crt_strtox@@YA?AV?$c_string_character_source@D@0@QEBDQEAPEAD@Z 000000018002ecd0 f i libucrt:strtox.obj
 0001:0002dcd0       ??$make_c_string_character_source@D$$T@__crt_strtox@@YA?AV?$c_string_character_source@D@0@QEBD$$T@Z 000000018002ecd0 f i libucrt:atox.obj
 0001:0002dce4       strtol                     000000018002ece4 f   libucrt:strtox.obj
 0001:0002dd14       strtoull                   000000018002ed14 f   libucrt:strtox.obj
 0001:0002dd44       wcstol                     000000018002ed44 f   libucrt:strtox.obj
 0001:0002dd74       _mbtowc_l                  000000018002ed74 f   libucrt:mbtowc.obj
 0001:0002debc       mbtowc                     000000018002eebc f   libucrt:mbtowc.obj
 0001:0002dec4       _wctomb_s_l                000000018002eec4 f   libucrt:wctomb.obj
 0001:0002e048       wctomb_s                   000000018002f048 f   libucrt:wctomb.obj
 0001:0002e05c       strnlen                    000000018002f05c f   libucrt:strnlen.obj
 0001:0002e1b8       wcsnlen                    000000018002f1b8 f   libucrt:strnlen.obj
 0001:0002e3a8       ?__acrt_fp_classify@@YA?AW4__acrt_fp_class@@AEBN@Z 000000018002f3a8 f i libucrt:cvt.obj
 0001:0002ede0       __acrt_fp_format           000000018002fde0 f   libucrt:cvt.obj
 0001:0002f024       _fputwc_nolock             0000000180030024 f   libucrt:fputwc.obj
 0001:0002f1a0       _fileno                    00000001800301a0 f   libucrt:fileno.obj
 0001:0002f1c8       _fputc_nolock              00000001800301c8 f   libucrt:fputc.obj
[...]
 0004:00002aa8       $pdata$??$?RV<lambda_b521505b218e5242e90febf6bfebc422>@@AEAV<lambda_6978c1fb23f02e42e1d9e99668cc68aa>@@V<lambda_314360699dd331753a4119843814e9a7>@@@?$__crt_seh_guarded_call@H@@QEAAH$$QEAV<lambda_b521505b218e5242e90febf6bfebc422>@@AEAV<lambda_6978c1fb23f02e42e1d9e99668cc68aa>@@$$QEAV<lambda_314360699dd331753a4119843814e9a7>@@@Z 000000018005caa8     libucrt:commit.obj
 0004:00002ab4       $pdata$_commit             000000018005cab4     libucrt:commit.obj
 0004:00002ac0       $pdata$?write_double_translated_ansi_nolock@@YA?AUwrite_result@?A0x9c548279@@HQEBDI@Z 000000018005cac0     libucrt:write.obj
 0004:00002acc       $pdata$?write_text_ansi_nolock@@YA?AUwrite_result@?A0x9c548279@@HQEBDI@Z 000000018005cacc     libucrt:write.obj
 0004:00002ad8       $pdata$?write_text_utf16le_nolock@@YA?AUwrite_result@?A0x9c548279@@HQEBDI@Z 000000018005cad8     libucrt:write.obj
 0004:00002ae4       $pdata$?write_text_utf8_nolock@@YA?AUwrite_result@?A0x9c548279@@HQEBDI@Z 000000018005cae4     libucrt:write.obj
 0004:00002af0       $pdata$_write              000000018005caf0     libucrt:write.obj
 0004:00002afc       $pdata$_write_nolock       000000018005cafc     libucrt:write.obj
 0004:00002b08       $pdata$__acrt_lowio_create_handle_array 000000018005cb08     libucrt:osfinfo.obj
 0004:00002b14       $pdata$__acrt_lowio_destroy_handle_array 000000018005cb14     libucrt:osfinfo.obj
 0004:00002b20       $pdata$__acrt_lowio_ensure_fh_exists 000000018005cb20     libucrt:osfinfo.obj
 0004:00002b2c       $pdata$_free_osfhnd        000000018005cb2c     libucrt:osfinfo.obj
 0004:00002b38       $pdata$_get_osfhandle      000000018005cb38     libucrt:osfinfo.obj
 0004:00002b44       $pdata$__acrt_fp_strflt_to_string 000000018005cb44     libucrt:_fptostr.obj
 0004:00002b50       $pdata$__acrt_fltout       000000018005cb50     libucrt:cfout.obj
 0004:00002b5c       $pdata$memcpy_s            000000018005cb5c     libucrt:cfout.obj
 0004:00002b5c       $pdata$memcpy_s            000000018005cb5c     libucrt:input.obj
 0004:00002b68       $pdata$??$write_buffer_nolock@D@@YA_NDV__crt_stdio_stream@@@Z 000000018005cb68     libucrt:_flsbuf.obj
 0004:00002b74       $pdata$??$write_buffer_nolock@_W@@YA_N_WV__crt_stdio_stream@@@Z 000000018005cb74     libucrt:_flsbuf.obj
 0004:00002b80       $pdata$__acrt_stdio_flush_and_write_narrow_nolock 000000018005cb80     libucrt:_flsbuf.obj
 0004:00002b8c       $pdata$__acrt_stdio_flush_and_write_wide_nolock 000000018005cb8c     libucrt:_flsbuf.obj
 0004:00002b98       $pdata$_isatty             000000018005cb98     libucrt:isatty.obj
 0004:00002ba4       $pdata$_strnicmp           000000018005cba4     libucrt:strnicmp.obj
 0004:00002bb0       $pdata$_strnicmp_l         000000018005cbb0     libucrt:strnicmp.obj
 0004:00002bbc       $pdata$?InternalCompareStringA@@YAHPEAU__crt_locale_pointers@@PEB_WKPEBDH2HH@Z 000000018005cbbc     libucrt:comparestringa.obj
 0004:00002bc8       $pdata$__acrt_CompareStringA 000000018005cbc8     libucrt:comparestringa.obj
 0004:00002bd4       $pdata$__acrt_stdio_allocate_buffer_nolock 000000018005cbd4     libucrt:_getbuf.obj
 0004:00002be0       $pdata$_getfpcontrolword   000000018005cbe0     libucrt:_fenvutils.obj
 0004:00002bec       $pdata$_getfpstatusword    000000018005cbec     libucrt:_fenvutils.obj
 0004:00002bf8       $pdata$_setfpstatusword    000000018005cbf8     libucrt:_fenvutils.obj
 0004:00002c04       $pdata$?shortsort@@YAXPEAD0_KP6AHPEBX2@Z@Z 000000018005cc04     libucrt:qsort.obj
 0004:00002c10       $pdata$2$?shortsort@@YAXPEAD0_KP6AHPEBX2@Z@Z 000000018005cc10     libucrt:qsort.obj
 0004:00002c1c       $pdata$3$?shortsort@@YAXPEAD0_KP6AHPEBX2@Z@Z 000000018005cc1c     libucrt:qsort.obj
 0004:00002c28       $pdata$qsort               000000018005cc28     libucrt:qsort.obj
 0004:00002c34       $pdata$4$qsort             000000018005cc34     libucrt:qsort.obj
 0004:00002c40       $pdata$5$qsort             000000018005cc40     libucrt:qsort.obj
 0004:00002c4c       $pdata$strncpy_s           000000018005cc4c     libucrt:strncpy_s.obj
 0004:00002c58       $pdata$strpbrk             000000018005cc58     libucrt:strpbrk.obj
 0004:00002c64       $pdata$_mbsdec_l           000000018005cc64     libucrt:mbsdec.obj
 0004:00002c70       $pdata$?initialize_multibyte@@YAHXZ 000000018005cc70     libucrt:multibyte_initializer.obj
 0004:00002c7c       $pdata$_msize              000000018005cc7c     libucrt:msize.obj
 0004:00002c88       $pdata$??$?RV<lambda_bfedae4ebbf01fab1bb6dcc6a9e276e0>@@AEAV<lambda_2fe9b910cf3cbf4a0ab98a02ba45b3ec>@@V<lambda_237c231691f317818eb88cc1d5d642d6>@@@?$__crt_seh_guarded_call@H@@QEAAH$$QEAV<lambda_bfedae4ebbf01fab1bb6dcc6a9e276e0>@@AEAV<lambda_2fe9b910cf3cbf4a0ab98a02ba45b3ec>@@$$QEAV<lambda_237c231691f317818eb88cc1d5d642d6>@@@Z 000000018005cc88     libucrt:close.obj
 0004:00002c94       $pdata$_close              000000018005cc94     libucrt:close.obj
 0004:00002ca0       $pdata$_close_nolock       000000018005cca0     libucrt:close.obj
 0004:00002cac       $pdata$??$common_lseek@_J@@YA_JH_JH@Z 000000018005ccac     libucrt:lseek.obj
 0004:00002cb8       $pdata$??$common_lseek_nolock@_J@@YA_JH_JH@Z 000000018005ccb8     libucrt:lseek.obj
 0004:00002cc4       $pdata$_putwch_nolock      000000018005ccc4     libucrt:putwch.obj
 0004:00002cd0       $pdata$fegetenv            000000018005ccd0     libucrt:fegetenv.obj
 0004:00002cdc       $pdata$fesetenv            000000018005ccdc     libucrt:fesetenv.obj
 0004:00002ce8       $pdata$feholdexcept        000000018005cce8     libucrt:feholdexcept.obj
 0004:00002d00       $pdata$_clearfp            000000018005cd00     libucrt:ieee.obj
 0004:00002d0c       $pdata$common_control87    000000018005cd0c     libucrt:ieee.obj
 0004:00002d24       $pdata$__dcrt_lowio_initialize_console_output 000000018005cd24     libucrt:initcon.obj
 0004:00002d30       $pdata$__dcrt_terminate_console_output 000000018005cd30     libucrt:initcon.obj
 0004:00002d3c       $pdata$_call_matherr       000000018005cd3c     libucrt:libm_error.obj
 0004:00002d48       $pdata$_exception_enabled  000000018005cd48     libucrt:libm_error.obj
 0004:00002d54       $pdata$_handle_error       000000018005cd54     libucrt:libm_error.obj
 0004:00002d60       $pdata$__acrt_initialize_fma3 000000018005cd60     libucrt:fma3_available.obj
 0004:00002d6c       $pdata$_log10_special      000000018005cd6c     libucrt:log_special.obj
 0004:00002d78       $pdata$_log_special_common 000000018005cd78     libucrt:log_special.obj
 0004:00002d84       $pdata$_raise_exc          000000018005cd84     libucrt:fpexcept.obj
 0004:00002d90       $pdata$_raise_exc_ex       000000018005cd90     libucrt:fpexcept.obj
 0004:00002d9c       $pdata$_set_errno_from_matherr 000000018005cd9c     libucrt:fpexcept.obj
 0004:00002da8       $pdata$_clrfp              000000018005cda8     libucrt:fpctrl.obj
 0004:00002db4       $pdata$_ctrlfp             000000018005cdb4     libucrt:fpctrl.obj
 0004:00002dc0       $pdata$_set_statfp         000000018005cdc0     libucrt:fpctrl.obj
 0004:00002dcc       $pdata$_statfp             000000018005cdcc     libucrt:fpctrl.obj
 0004:00002dd8       $pdata$_IsNonwritableInCurrentImage 000000018005cdd8     LIBCMT:pesect.obj
 0004:00002de4       $pdata$__GSHandlerCheck    000000018005cde4     LIBCMT:_gshandler_.obj
 0004:00002df0       $pdata$__GSHandlerCheckCommon 000000018005cdf0     LIBCMT:_gshandler_.obj
 0004:00002e14       $pdata$strrchr             000000018005ce14     libvcruntime:strrchr.obj
 0004:00002e20       $pdata$__GSHandlerCheck_EH 000000018005ce20     LIBCMT:gshandlereh.obj
 0004:00002e38       $pdata$?dtor$0@?0??get@Device@@SA?AV?$Local@VObject@v8@@@v8@@PEAUlibusb_device@@@Z@4HA 000000018005ce38     device.obj
 0004:00002e44       $pdata$?dtor$1@?0??get@Device@@SA?AV?$Local@VObject@v8@@@v8@@PEAUlibusb_device@@@Z@4HA 000000018005ce44     device.obj
 0004:00002e50       $pdata$?dtor$1@?0??Transfer_constructor@@YAXAEBV?$FunctionCallbackInfo@VValue@v8@@@Nan@@@Z@4HA 000000018005ce50     transfer.obj
 0004:00002e5c       $pdata$__scrt_is_nonwritable_in_current_image$filt$0 000000018005ce5c     LIBCMT:utility.obj
 0004:00002e68       $pdata$?fin$0@?0??dllmain_crt_process_attach@@YAHQEAUHINSTANCE__@@QEAX@Z@4HA 000000018005ce68     LIBCMT:dll_dllmain.obj
 0004:00002e74       $pdata$?fin$0@?0??dllmain_crt_process_detach@@YAH_N@Z@4HA 000000018005ce74     LIBCMT:dll_dllmain.obj
 0004:00002e80       $pdata$?filt$0@?0??dllmain_dispatch@@YAHQEAUHINSTANCE__@@KQEAX@Z@4HA 000000018005ce80     LIBCMT:dll_dllmain.obj
 0004:00002e8c       $pdata$__CxxCallCatchBlock$filt$0 000000018005ce8c     libvcruntime:frame.obj
 0004:00002e98       $pdata$__CxxCallCatchBlock$fin$1 000000018005ce98     libvcruntime:frame.obj
 0004:00002ea4       $pdata$__DestructExceptionObject$filt$0 000000018005cea4     libvcruntime:frame.obj
 0004:00002eb0       $pdata$__FrameUnwindToState$filt$0 000000018005ceb0     libvcruntime:frame.obj
 0004:00002ebc       $pdata$__FrameUnwindToState$fin$1 000000018005cebc     libvcruntime:frame.obj
 0004:00002ec8       $pdata$_CallSETranslator$filt$0 000000018005cec8     libvcruntime:trnsctrl.obj
 0004:00002ed4       $pdata$?fin$0@?0???$common_getenv@D@@YAPEADQEBD@Z@4HA 000000018005ced4     libucrt:getenv.obj
 0004:00002ee0       $pdata$?filt$0@?0???$thread_start@P6AIPEAX@Z@@YAKQEAX@Z@4HA 000000018005cee0     libucrt:thread.obj
 0004:00002eec       $pdata$_query_new_handler$fin$0 000000018005ceec     libucrt:new_handler.obj
 0004:00002ef8       $pdata$?filt$0@?0??common_exit@@YAXHW4_crt_exit_cleanup_mode@@W4_crt_exit_return_mode@@@Z@4HA 000000018005cef8     libucrt:exit.obj
 0004:00002f04       $pdata$?fin$1@?0??common_exit@@YAXHW4_crt_exit_cleanup_mode@@W4_crt_exit_return_mode@@@Z@4HA 000000018005cf04     libucrt:exit.obj
 0004:00002f10       $pdata$?fin$0@?0???$?RV<lambda_e24bbb7b643b32fcea6fa61b31d4c984>@@AEAV<lambda_275893d493268fdec8709772e3fcec0e>@@V<lambda_9d71df4d7cf3f480f8d633942495c3b0>@@@?$__crt_seh_guarded_call@H@@QEAAH$$QEAV<lambda_e24bbb7b643b32fcea6fa61b31d4c984>@@AEAV<lambda_275893d493268fdec8709772e3fcec0e>@@$$QEAV<lambda_9d71df4d7cf3f480f8d633942495c3b0>@@@Z@4HA 000000018005cf10     libucrt:onexit.obj
 0004:00002f1c       $pdata$?fin$0@?0???$?RV<lambda_5e887d1dcbef67a5eb4283622ba103bf>@@AEAV<lambda_4466841279450cc726390878d4a41900>@@V<lambda_341c25c0346d94847f1f3c463c57e077>@@@?$__crt_seh_guarded_call@X@@QEAAX$$QEAV<lambda_5e887d1dcbef67a5eb4283622ba103bf>@@AEAV<lambda_4466841279450cc726390878d4a41900>@@$$QEAV<lambda_341c25c0346d94847f1f3c463c57e077>@@@Z@4HA 000000018005cf1c     libucrt:per_thread_data.obj
 0004:00002f1c       $pdata$?fin$0@?0???$?RV<lambda_b8c45f8f788dd370798f47cfe8ac3a86>@@AEAV<lambda_4e60a939b0d047cfe11ddc22648dfba9>@@V<lambda_332c3edc96d0294ec56c57d38c1cdfd5>@@@?$__crt_seh_guarded_call@H@@QEAAH$$QEAV<lambda_b8c45f8f788dd370798f47cfe8ac3a86>@@AEAV<lambda_4e60a939b0d047cfe11ddc22648dfba9>@@$$QEAV<lambda_332c3edc96d0294ec56c57d38c1cdfd5>@@@Z@4HA 000000018005cf1c     libucrt:onexit.obj
 0004:00002f1c       $pdata$?fin$0@?0???$?RV<lambda_fb3a7dec4e47f37f22dae91bb15c9095>@@AEAV<lambda_698284760c8add0bfb0756c19673e34b>@@V<lambda_dfb8eca1e75fef3034a8fb18dd509707>@@@?$__crt_seh_guarded_call@X@@QEAAX$$QEAV<lambda_fb3a7dec4e47f37f22dae91bb15c9095>@@AEAV<lambda_698284760c8add0bfb0756c19673e34b>@@$$QEAV<lambda_dfb8eca1e75fef3034a8fb18dd509707>@@@Z@4HA 000000018005cf1c     libucrt:per_thread_data.obj
 0004:00002f1c       $pdata$?fin$0@?0???$?RV<lambda_c36588078e9f5dfd39652860aa6b3aaf>@@AEAV<lambda_ec61778202f4f5fc7e7711acc23c3bca>@@V<lambda_dc9d2797ccde5d239b4a0efae8ebd7db>@@@?$__crt_seh_guarded_call@P6AXH@Z@@QEAAP6AXH@Z$$QEAV<lambda_c36588078e9f5dfd39652860aa6b3aaf>@@AEAV<lambda_ec61778202f4f5fc7e7711acc23c3bca>@@$$QEAV<lambda_dc9d2797ccde5d239b4a0efae8ebd7db>@@@Z@4HA 000000018005cf1c     libucrt:signal.obj
 0004:00002f1c       $pdata$?fin$0@?0???$?RV<lambda_99476a1ad63dd22509b5d3e65b0ffc95>@@AEAV<lambda_ad1ced32f4ac17aa236e5ef05d6b3b7c>@@V<lambda_f7424dd8d45958661754dc4f2697e9c3>@@@?$__crt_seh_guarded_call@X@@QEAAX$$QEAV<lambda_99476a1ad63dd22509b5d3e65b0ffc95>@@AEAV<lambda_ad1ced32f4ac17aa236e5ef05d6b3b7c>@@$$QEAV<lambda_f7424dd8d45958661754dc4f2697e9c3>@@@Z@4HA 000000018005cf1c     libucrt:mbctype.obj
 0004:00002f1c       $pdata$?fin$0@?0???$?RV<lambda_46352004c1216016012b18bd6f87e700>@@AEAV<lambda_3bd07e1a1191394380780325891bf33f>@@V<lambda_334532d3f185bcaa59b5be82d7d22bff>@@@?$__crt_seh_guarded_call@X@@QEAAX$$QEAV<lambda_46352004c1216016012b18bd6f87e700>@@AEAV<lambda_3bd07e1a1191394380780325891bf33f>@@$$QEAV<lambda_334532d3f185bcaa59b5be82d7d22bff>@@@Z@4HA 000000018005cf1c     libucrt:per_thread_data.obj
 0004:00002f1c       $pdata$?fin$0@?0???$?RV<lambda_72d1df2b273a38828b1ce30cbf4cdab5>@@AEAV<lambda_876a65b173b8412d3a47c70a915b0cf4>@@V<lambda_41932305e351933ebe8f8be3ed8bb5dc>@@@?$__crt_seh_guarded_call@X@@QEAAX$$QEAV<lambda_72d1df2b273a38828b1ce30cbf4cdab5>@@AEAV<lambda_876a65b173b8412d3a47c70a915b0cf4>@@$$QEAV<lambda_41932305e351933ebe8f8be3ed8bb5dc>@@@Z@4HA 000000018005cf1c     libucrt:per_thread_data.obj
 0004:00002f28       $pdata$__acrt_update_thread_locale_data$fin$0 000000018005cf28     libucrt:locale_refcounting.obj
 0004:00002f28       $pdata$__acrt_uninitialize_locale$fin$0 000000018005cf28     libucrt:wsetlocale.obj
 0004:00002f34       $pdata$_fcloseall$fin$0    000000018005cf34     libucrt:closeall.obj
 0004:00002f40       $pdata$common_flush_all$fin$0 000000018005cf40     libucrt:fflush.obj
 0004:00002f4c       $pdata$common_flush_all$fin$1 000000018005cf4c     libucrt:fflush.obj
 0004:00002f58       $pdata$?fin$0@?0???$?RV<lambda_a81aa23bb2c9577c1e55b9d0b57d9de4>@@AEAV<lambda_9a20e10065b92b5193c3597a66cba9d4>@@V<lambda_cb3a421ff86d8a5f008440ee6b28fa9c>@@@?$__crt_seh_guarded_call@H@@QEAAH$$QEAV<lambda_a81aa23bb2c9577c1e55b9d0b57d9de4>@@AEAV<lambda_9a20e10065b92b5193c3597a66cba9d4>@@$$QEAV<lambda_cb3a421ff86d8a5f008440ee6b28fa9c>@@@Z@4HA 000000018005cf58     libucrt:fputs.obj
 0004:00002f58       $pdata$?fin$0@?0???$?RV<lambda_7b91131dde12e1c3dfc74ff76b3f2eac>@@AEAV<lambda_dd75445284c072d0bd3768540cc698fa>@@V<lambda_16bc4ecb55b4718497c16bceaea2ceaf>@@@?$__crt_seh_guarded_call@H@@QEAAH$$QEAV<lambda_7b91131dde12e1c3dfc74ff76b3f2eac>@@AEAV<lambda_dd75445284c072d0bd3768540cc698fa>@@$$QEAV<lambda_16bc4ecb55b4718497c16bceaea2ceaf>@@@Z@4HA 000000018005cf58     libucrt:output.obj
 0004:00002f58       $pdata$?fin$0@?0???$?RV<lambda_7a5ef57ff966f610505f1d28a3d40618>@@AEAV<lambda_b721fa326cdb32351d23dfa67958c160>@@V<lambda_5e0fb27672408a07956fe59e48ccb2aa>@@@?$__crt_seh_guarded_call@H@@QEAAH$$QEAV<lambda_7a5ef57ff966f610505f1d28a3d40618>@@AEAV<lambda_b721fa326cdb32351d23dfa67958c160>@@$$QEAV<lambda_5e0fb27672408a07956fe59e48ccb2aa>@@@Z@4HA 000000018005cf58     libucrt:setvbuf.obj
 0004:00002f64       $pdata$raise$fin$0         000000018005cf64     libucrt:signal.obj
 0004:00002f70       $pdata$__acrt_update_thread_multibyte_data$fin$0 000000018005cf70     libucrt:mbctype.obj
 0004:00002f7c       $pdata$fflush$fin$0        000000018005cf7c     libucrt:fflush.obj
 0004:00002f7c       $pdata$fclose$fin$0        000000018005cf7c     libucrt:fclose.obj
 0004:00002f88       $pdata$__acrt_initialize_lowio$fin$0 000000018005cf88     libucrt:ioinit.obj
 0004:00002f88       $pdata$__acrt_lowio_ensure_fh_exists$fin$0 000000018005cf88     libucrt:osfinfo.obj
 0004:00002f94       $pdata$?fin$0@?0???$?RV<lambda_b521505b218e5242e90febf6bfebc422>@@AEAV<lambda_6978c1fb23f02e42e1d9e99668cc68aa>@@V<lambda_314360699dd331753a4119843814e9a7>@@@?$__crt_seh_guarded_call@H@@QEAAH$$QEAV<lambda_b521505b218e5242e90febf6bfebc422>@@AEAV<lambda_6978c1fb23f02e42e1d9e99668cc68aa>@@$$QEAV<lambda_314360699dd331753a4119843814e9a7>@@@Z@4HA 000000018005cf94     libucrt:commit.obj
 0004:00002f94       $pdata$?fin$0@?0???$?RV<lambda_bfedae4ebbf01fab1bb6dcc6a9e276e0>@@AEAV<lambda_2fe9b910cf3cbf4a0ab98a02ba45b3ec>@@V<lambda_237c231691f317818eb88cc1d5d642d6>@@@?$__crt_seh_guarded_call@H@@QEAAH$$QEAV<lambda_bfedae4ebbf01fab1bb6dcc6a9e276e0>@@AEAV<lambda_2fe9b910cf3cbf4a0ab98a02ba45b3ec>@@$$QEAV<lambda_237c231691f317818eb88cc1d5d642d6>@@@Z@4HA 000000018005cf94     libucrt:close.obj
 0004:00002fa0       $pdata$_write$fin$0        000000018005cfa0     libucrt:write.obj
 0004:00002fa0       $pdata$?fin$0@?0???$common_lseek@_J@@YA_JH_JH@Z@4HA 000000018005cfa0     libucrt:lseek.obj
 0004:00002fac       $pdata$_ctrlfp$filt$0      000000018005cfac     libucrt:fpctrl.obj
 0004:00002fac       $pdata$common_control87$filt$0 000000018005cfac     libucrt:ieee.obj
 0004:00002fb8       $pdata$_IsNonwritableInCurrentImage$filt$0 000000018005cfb8     LIBCMT:pesect.obj
 0004:00002fc4       $pdata$??__FhotplugThis@@YAXXZ 000000018005cfc4     node_usb.obj
 0004:00002fd0       $pdata$??__FhotplugQueue@@YAXXZ 000000018005cfd0     node_usb.obj
 0004:00002fdc       $pdata$??__Fdevice_constructor@@YAXXZ 000000018005cfdc     device.obj
 0004:00002fe8       $pdata$??__F?byPtr@Device@@1V?$map@PEAUlibusb_device@@V?$Persistent@VObject@v8@@V?$NonCopyablePersistentTraits@VObject@v8@@@2@@Nan@@U?$less@PEAUlibusb_device@@@std@@V?$allocator@U?$pair@QEAUlibusb_device@@V?$Persistent@VObject@v8@@V?$NonCopyablePersistentTraits@VObject@v8@@@2@@Nan@@@std@@@5@@std@@A@@YAXXZ 000000018005cfe8     device.obj
 0004:00002ff4       $pdata$??__FcompletionQueue@@YAXXZ 000000018005cff4     transfer.obj
 0005:00000000       __guard_fids__beginthreadex 000000018005d000     libucrt:thread.obj
 0005:00000004       __guard_fids__             000000018005d004     libucrt:initialization.obj
 0005:00000064       __guard_fids___acrt_initialize_ptd 000000018005d064     libucrt:per_thread_data.obj
 0005:00000068       __guard_fids__             000000018005d068     libucrt:stdio_initializer.obj
 0005:0000006c       __guard_fids__             000000018005d06c     libucrt:stdio_initializer.obj
 0005:00000070       __guard_fids___acrt_show_wide_message_box 000000018005d070     libucrt:crtmbox.obj
 0005:00000074       __guard_fids_??$expand_argument_wildcards@D@@YAHQEAD0AEAV?$argument_list@D@?A0xca0879c4@@@Z 000000018005d074     libucrt:argv_wildcards.obj
 0005:00000078       __guard_fids__             000000018005d078     libucrt:locale_initializer.obj
 0005:0000007c       __guard_fids__             000000018005d07c     libucrt:multibyte_initializer.obj
 0005:00000080       __guard_fids__             000000018005d080     libucrt:console_output_initializer.obj
 0005:00000084       __guard_fids__             000000018005d084     libucrt:fma3_initializer.obj
 0005:00000088       __guard_fids__             000000018005d088     libcpmt:xthrow.obj
 0005:00000090       __guard_fids__             000000018005d090     libcpmt:xthrow.obj
 0005:00000098       __guard_fids__             000000018005d098     libcpmt:xthrow.obj
 0005:000000a0       __guard_fids__             000000018005d0a0     libcpmt:xthrow.obj
 0005:000000a8       __guard_fids_?dllmain_crt_process_attach@@YAHQEAUHINSTANCE__@@QEAX@Z 000000018005d0a8     LIBCMT:dll_dllmain.obj
 0005:000000b0       __guard_fids_?dllmain_dispatch@@YAHQEAUHINSTANCE__@@KQEAX@Z 000000018005d0b0     LIBCMT:dll_dllmain.obj
 0005:000000b4       __guard_fids__             000000018005d0b4     LIBCMT:std_type_info_static.obj
 0005:000000b8       __guard_fids__             000000018005d0b8     LIBCMT:throw_bad_alloc.obj
 0005:000000c0       __guard_fids__             000000018005d0c0     LIBCMT:guard_support.obj
 0005:000000c4       __guard_fids__             000000018005d0c4     libvcruntime:frame.obj
 0005:000000c8       __guard_fids__             000000018005d0c8     libvcruntime:frame.obj
 0005:000000d0       __guard_fids___vcrt_initialize_ptd 000000018005d0d0     libvcruntime:per_thread_data.obj
 0005:000000d4       __guard_fids__UnwindNestedFrames 000000018005d0d4     libvcruntime:trnsctrl.obj
 0006:00000060       $R000000                   000000018005e060     * linker generated manifest res *

 Exports

  ordinal    name

        1    _register_usb_bindings_
